Archive member included to satisfy reference by file (symbol)

c:/Users/Konrad/AppData/Roaming/Code/User/globalStorage/bmd.stm32-for-vscode/@xpack-dev-tools/arm-none-eabi-gcc/13.2.1-1.1.1/.content/bin/../lib/gcc/arm-none-eabi/13.2.1/../../../../arm-none-eabi/lib/thumb/v7e-m+fp/hard\libc_nano.a(libc_a-atexit.o)
                              c:/Users/Konrad/AppData/Roaming/Code/User/globalStorage/bmd.stm32-for-vscode/@xpack-dev-tools/arm-none-eabi-gcc/13.2.1-1.1.1/.content/bin/../lib/gcc/arm-none-eabi/13.2.1/../../../../arm-none-eabi/lib/thumb/v7e-m+fp/hard/crt0.o (atexit)
c:/Users/Konrad/AppData/Roaming/Code/User/globalStorage/bmd.stm32-for-vscode/@xpack-dev-tools/arm-none-eabi-gcc/13.2.1-1.1.1/.content/bin/../lib/gcc/arm-none-eabi/13.2.1/../../../../arm-none-eabi/lib/thumb/v7e-m+fp/hard\libc_nano.a(libc_a-exit.o)
                              c:/Users/Konrad/AppData/Roaming/Code/User/globalStorage/bmd.stm32-for-vscode/@xpack-dev-tools/arm-none-eabi-gcc/13.2.1-1.1.1/.content/bin/../lib/gcc/arm-none-eabi/13.2.1/../../../../arm-none-eabi/lib/thumb/v7e-m+fp/hard/crt0.o (exit)
c:/Users/Konrad/AppData/Roaming/Code/User/globalStorage/bmd.stm32-for-vscode/@xpack-dev-tools/arm-none-eabi-gcc/13.2.1-1.1.1/.content/bin/../lib/gcc/arm-none-eabi/13.2.1/../../../../arm-none-eabi/lib/thumb/v7e-m+fp/hard\libc_nano.a(libc_a-findfp.o)
                              c:/Users/Konrad/AppData/Roaming/Code/User/globalStorage/bmd.stm32-for-vscode/@xpack-dev-tools/arm-none-eabi-gcc/13.2.1-1.1.1/.content/bin/../lib/gcc/arm-none-eabi/13.2.1/../../../../arm-none-eabi/lib/thumb/v7e-m+fp/hard\libc_nano.a(libc_a-exit.o) (__stdio_exit_handler)
c:/Users/Konrad/AppData/Roaming/Code/User/globalStorage/bmd.stm32-for-vscode/@xpack-dev-tools/arm-none-eabi-gcc/13.2.1-1.1.1/.content/bin/../lib/gcc/arm-none-eabi/13.2.1/../../../../arm-none-eabi/lib/thumb/v7e-m+fp/hard\libc_nano.a(libc_a-fwalk.o)
                              c:/Users/Konrad/AppData/Roaming/Code/User/globalStorage/bmd.stm32-for-vscode/@xpack-dev-tools/arm-none-eabi-gcc/13.2.1-1.1.1/.content/bin/../lib/gcc/arm-none-eabi/13.2.1/../../../../arm-none-eabi/lib/thumb/v7e-m+fp/hard\libc_nano.a(libc_a-findfp.o) (_fwalk_sglue)
c:/Users/Konrad/AppData/Roaming/Code/User/globalStorage/bmd.stm32-for-vscode/@xpack-dev-tools/arm-none-eabi-gcc/13.2.1-1.1.1/.content/bin/../lib/gcc/arm-none-eabi/13.2.1/../../../../arm-none-eabi/lib/thumb/v7e-m+fp/hard\libc_nano.a(libc_a-stdio.o)
                              c:/Users/Konrad/AppData/Roaming/Code/User/globalStorage/bmd.stm32-for-vscode/@xpack-dev-tools/arm-none-eabi-gcc/13.2.1-1.1.1/.content/bin/../lib/gcc/arm-none-eabi/13.2.1/../../../../arm-none-eabi/lib/thumb/v7e-m+fp/hard\libc_nano.a(libc_a-findfp.o) (__sread)
c:/Users/Konrad/AppData/Roaming/Code/User/globalStorage/bmd.stm32-for-vscode/@xpack-dev-tools/arm-none-eabi-gcc/13.2.1-1.1.1/.content/bin/../lib/gcc/arm-none-eabi/13.2.1/../../../../arm-none-eabi/lib/thumb/v7e-m+fp/hard\libc_nano.a(libc_a-vsnprintf.o)
                              build/enc_disp.o (vsnprintf)
c:/Users/Konrad/AppData/Roaming/Code/User/globalStorage/bmd.stm32-for-vscode/@xpack-dev-tools/arm-none-eabi-gcc/13.2.1-1.1.1/.content/bin/../lib/gcc/arm-none-eabi/13.2.1/../../../../arm-none-eabi/lib/thumb/v7e-m+fp/hard\libc_nano.a(libc_a-memset.o)
                              c:/Users/Konrad/AppData/Roaming/Code/User/globalStorage/bmd.stm32-for-vscode/@xpack-dev-tools/arm-none-eabi-gcc/13.2.1-1.1.1/.content/bin/../lib/gcc/arm-none-eabi/13.2.1/../../../../arm-none-eabi/lib/thumb/v7e-m+fp/hard/crt0.o (memset)
c:/Users/Konrad/AppData/Roaming/Code/User/globalStorage/bmd.stm32-for-vscode/@xpack-dev-tools/arm-none-eabi-gcc/13.2.1-1.1.1/.content/bin/../lib/gcc/arm-none-eabi/13.2.1/../../../../arm-none-eabi/lib/thumb/v7e-m+fp/hard\libc_nano.a(libc_a-closer.o)
                              c:/Users/Konrad/AppData/Roaming/Code/User/globalStorage/bmd.stm32-for-vscode/@xpack-dev-tools/arm-none-eabi-gcc/13.2.1-1.1.1/.content/bin/../lib/gcc/arm-none-eabi/13.2.1/../../../../arm-none-eabi/lib/thumb/v7e-m+fp/hard\libc_nano.a(libc_a-stdio.o) (_close_r)
c:/Users/Konrad/AppData/Roaming/Code/User/globalStorage/bmd.stm32-for-vscode/@xpack-dev-tools/arm-none-eabi-gcc/13.2.1-1.1.1/.content/bin/../lib/gcc/arm-none-eabi/13.2.1/../../../../arm-none-eabi/lib/thumb/v7e-m+fp/hard\libc_nano.a(libc_a-reent.o)
                              c:/Users/Konrad/AppData/Roaming/Code/User/globalStorage/bmd.stm32-for-vscode/@xpack-dev-tools/arm-none-eabi-gcc/13.2.1-1.1.1/.content/bin/../lib/gcc/arm-none-eabi/13.2.1/../../../../arm-none-eabi/lib/thumb/v7e-m+fp/hard\libc_nano.a(libc_a-closer.o) (errno)
c:/Users/Konrad/AppData/Roaming/Code/User/globalStorage/bmd.stm32-for-vscode/@xpack-dev-tools/arm-none-eabi-gcc/13.2.1-1.1.1/.content/bin/../lib/gcc/arm-none-eabi/13.2.1/../../../../arm-none-eabi/lib/thumb/v7e-m+fp/hard\libc_nano.a(libc_a-impure.o)
[...]
Memory Configuration

Name             Origin             Length             Attributes
RAM              0x20000000         0x00020000         xrw
FLASH            0x08000000         0x00080000         xr
*default*        0x00000000         0xffffffff

Linker script and memory map

LOAD c:/Users/Konrad/AppData/Roaming/Code/User/globalStorage/bmd.stm32-for-vscode/@xpack-dev-tools/arm-none-eabi-gcc/13.2.1-1.1.1/.content/bin/../lib/gcc/arm-none-eabi/13.2.1/thumb/v7e-m+fp/hard/crti.o
LOAD c:/Users/Konrad/AppData/Roaming/Code/User/globalStorage/bmd.stm32-for-vscode/@xpack-dev-tools/arm-none-eabi-gcc/13.2.1-1.1.1/.content/bin/../lib/gcc/arm-none-eabi/13.2.1/thumb/v7e-m+fp/hard/crtbegin.o
LOAD c:/Users/Konrad/AppData/Roaming/Code/User/globalStorage/bmd.stm32-for-vscode/@xpack-dev-tools/arm-none-eabi-gcc/13.2.1-1.1.1/.content/bin/../lib/gcc/arm-none-eabi/13.2.1/../../../../arm-none-eabi/lib/thumb/v7e-m+fp/hard/crt0.o
LOAD build/adc.o
LOAD build/clean_main.o
LOAD build/dac_driver.o
LOAD build/dma.o
LOAD build/enc_disp.o
LOAD build/gpio.o
LOAD build/main.o
LOAD build/spi.o
LOAD build/stm32f4xx_hal_msp.o
LOAD build/stm32f4xx_it.o
LOAD build/syscalls.o
LOAD build/sysmem.o
LOAD build/system_stm32f4xx.o
LOAD build/tim.o
LOAD build/usart.o
LOAD build/stm32f4xx_hal.o
LOAD build/stm32f4xx_hal_adc.o
LOAD build/stm32f4xx_hal_adc_ex.o
LOAD build/stm32f4xx_hal_cortex.o
LOAD build/stm32f4xx_hal_dma.o
LOAD build/stm32f4xx_hal_dma_ex.o
LOAD build/stm32f4xx_hal_exti.o
LOAD build/stm32f4xx_hal_flash.o
LOAD build/stm32f4xx_hal_flash_ex.o
LOAD build/stm32f4xx_hal_flash_ramfunc.o
LOAD build/stm32f4xx_hal_gpio.o
LOAD build/stm32f4xx_hal_pwr.o
LOAD build/stm32f4xx_hal_pwr_ex.o
LOAD build/stm32f4xx_hal_rcc.o
LOAD build/stm32f4xx_hal_rcc_ex.o
LOAD build/stm32f4xx_hal_spi.o
LOAD build/stm32f4xx_hal_tim.o
LOAD build/stm32f4xx_hal_tim_ex.o
LOAD build/stm32f4xx_hal_uart.o
LOAD build/stm32f4xx_ll_adc.o
LOAD build/startup_stm32f411xe.o
LOAD c:/Users/Konrad/AppData/Roaming/Code/User/globalStorage/bmd.stm32-for-vscode/@xpack-dev-tools/arm-none-eabi-gcc/13.2.1-1.1.1/.content/bin/../lib/gcc/arm-none-eabi/13.2.1/../../../../arm-none-eabi/lib/thumb/v7e-m+fp/hard\libc_nano.a
LOAD c:/Users/Konrad/AppData/Roaming/Code/User/globalStorage/bmd.stm32-for-vscode/@xpack-dev-tools/arm-none-eabi-gcc/13.2.1-1.1.1/.content/bin/../lib/gcc/arm-none-eabi/13.2.1/../../../../arm-none-eabi/lib/thumb/v7e-m+fp/hard\libm.a
LOAD c:/Users/Konrad/AppData/Roaming/Code/User/globalStorage/bmd.stm32-for-vscode/@xpack-dev-tools/arm-none-eabi-gcc/13.2.1-1.1.1/.content/bin/../lib/gcc/arm-none-eabi/13.2.1/../../../../arm-none-eabi/lib/thumb/v7e-m+fp/hard\libnosys.a
START GROUP
LOAD c:/Users/Konrad/AppData/Roaming/Code/User/globalStorage/bmd.stm32-for-vscode/@xpack-dev-tools/arm-none-eabi-gcc/13.2.1-1.1.1/.content/bin/../lib/gcc/arm-none-eabi/13.2.1/thumb/v7e-m+fp/hard\libgcc.a
LOAD c:/Users/Konrad/AppData/Roaming/Code/User/globalStorage/bmd.stm32-for-vscode/@xpack-dev-tools/arm-none-eabi-gcc/13.2.1-1.1.1/.content/bin/../lib/gcc/arm-none-eabi/13.2.1/../../../../arm-none-eabi/lib/thumb/v7e-m+fp/hard\libc_nano.a
END GROUP
START GROUP
LOAD c:/Users/Konrad/AppData/Roaming/Code/User/globalStorage/bmd.stm32-for-vscode/@xpack-dev-tools/arm-none-eabi-gcc/13.2.1-1.1.1/.content/bin/../lib/gcc/arm-none-eabi/13.2.1/thumb/v7e-m+fp/hard\libgcc.a
LOAD c:/Users/Konrad/AppData/Roaming/Code/User/globalStorage/bmd.stm32-for-vscode/@xpack-dev-tools/arm-none-eabi-gcc/13.2.1-1.1.1/.content/bin/../lib/gcc/arm-none-eabi/13.2.1/../../../../arm-none-eabi/lib/thumb/v7e-m+fp/hard\libc_nano.a
END GROUP
LOAD c:/Users/Konrad/AppData/Roaming/Code/User/globalStorage/bmd.stm32-for-vscode/@xpack-dev-tools/arm-none-eabi-gcc/13.2.1-1.1.1/.content/bin/../lib/gcc/arm-none-eabi/13.2.1/thumb/v7e-m+fp/hard/crtend.o
LOAD c:/Users/Konrad/AppData/Roaming/Code/User/globalStorage/bmd.stm32-for-vscode/@xpack-dev-tools/arm-none-eabi-gcc/13.2.1-1.1.1/.content/bin/../lib/gcc/arm-none-eabi/13.2.1/thumb/v7e-m+fp/hard/crtn.o
                0x20020000                        _estack = (ORIGIN (RAM) + LENGTH (RAM))
                0x00000200                        _Min_Heap_Size = 0x200
                0x00000400                        _Min_Stack_Size = 0x400

.isr_vector     0x08000000      0x198
                0x08000000                        . = ALIGN (0x4)
 *(.isr_vector)
 .isr_vector    0x08000000      0x198 build/startup_stm32f411xe.o
                0x08000000                g_pfnVectors
                0x08000198                        . = ALIGN (0x4)

.text           0x080001a0     0x2f5c
                0x080001a0                        . = ALIGN (0x4)
 *(.text)
 .text          0x080001a0       0xa0 c:/Users/Konrad/AppData/Roaming/Code/User/globalStorage/bmd.stm32-for-vscode/@xpack-dev-tools/arm-none-eabi-gcc/13.2.1-1.1.1/.content/bin/../lib/gcc/arm-none-eabi/13.2.1/../../../../arm-none-eabi/lib/thumb/v7e-m+fp/hard\libc_nano.a(libc_a-memchr.o)
                0x080001a0                memchr
 .text          0x08000240       0x30 c:/Users/Konrad/AppData/Roaming/Code/User/globalStorage/bmd.stm32-for-vscode/@xpack-dev-tools/arm-none-eabi-gcc/13.2.1-1.1.1/.content/bin/../lib/gcc/arm-none-eabi/13.2.1/thumb/v7e-m+fp/hard\libgcc.a(_aeabi_uldivmod.o)
                0x08000240                __aeabi_uldivmod
 .text          0x08000270        0x4 c:/Users/Konrad/AppData/Roaming/Code/User/globalStorage/bmd.stm32-for-vscode/@xpack-dev-tools/arm-none-eabi-gcc/13.2.1-1.1.1/.content/bin/../lib/gcc/arm-none-eabi/13.2.1/thumb/v7e-m+fp/hard\libgcc.a(_dvmd_tls.o)
                0x08000270                __aeabi_idiv0
                0x08000270                __aeabi_ldiv0
 *(.text*)
 .text.__do_global_dtors_aux
                0x08000274       0x24 c:/Users/Konrad/AppData/Roaming/Code/User/globalStorage/bmd.stm32-for-vscode/@xpack-dev-tools/arm-none-eabi-gcc/13.2.1-1.1.1/.content/bin/../lib/gcc/arm-none-eabi/13.2.1/thumb/v7e-m+fp/hard/crtbegin.o
 .text.frame_dummy
                0x08000298       0x1c c:/Users/Konrad/AppData/Roaming/Code/User/globalStorage/bmd.stm32-for-vscode/@xpack-dev-tools/arm-none-eabi-gcc/13.2.1-1.1.1/.content/bin/../lib/gcc/arm-none-eabi/13.2.1/thumb/v7e-m+fp/hard/crtbegin.o
 .text.MX_ADC1_Init
                0x080002b4       0x8c build/adc.o
                0x080002b4                MX_ADC1_Init
 .text.HAL_ADC_MspInit
                0x08000340       0xa8 build/adc.o
                0x08000340                HAL_ADC_MspInit
 .text.line     0x080003e8       0x78 build/clean_main.o
                0x080003e8                line
 .text.change_char
                0x08000460       0x54 build/clean_main.o
                0x08000460                change_char
 .text.switchTube
                0x080004b4       0x14 build/clean_main.o
                0x080004b4                switchTube
 .text.testOutput
                0x080004c8       0x54 build/clean_main.o
                0x080004c8                testOutput
 .text.menu     0x0800051c       0x70 build/clean_main.o
                0x0800051c                menu
 .text.clean_main
                0x0800058c       0x20 build/clean_main.o
                0x0800058c                clean_main
 .text.clean_loop
                0x080005ac        0xc build/clean_main.o
                0x080005ac                clean_loop
 .text.MX_DMA_Init
                0x080005b8       0x34 build/dma.o
                0x080005b8                MX_DMA_Init
 .text.dprint   0x080005ec       0x68 build/enc_disp.o
                0x080005ec                dprint
 .text.clearDisp
                0x08000654       0x24 build/enc_disp.o
                0x08000654                clearDisp
 .text.UpdateEnc
                0x08000678       0x68 build/enc_disp.o
                0x08000678                UpdateEnc
 .text.button   0x080006e0       0x1c build/enc_disp.o
                0x080006e0                button
 .text.MX_GPIO_Init
                0x080006fc       0xcc build/gpio.o
                0x080006fc                MX_GPIO_Init
 .text.Error_Handler
                0x080007c8        0x4 build/main.o
                0x080007c8                Error_Handler
 .text.SystemClock_Config
                0x080007cc       0xa4 build/main.o
                0x080007cc                SystemClock_Config
 .text.main     0x08000870       0x2c build/main.o
                0x08000870                main
 .text.MX_SPI1_Init
                0x0800089c       0x40 build/spi.o
                0x0800089c                MX_SPI1_Init
 .text.HAL_SPI_MspInit
                0x080008dc       0x70 build/spi.o
                0x080008dc                HAL_SPI_MspInit
 .text.HAL_MspInit
                0x0800094c       0x38 build/stm32f4xx_hal_msp.o
                0x0800094c                HAL_MspInit
 .text.NMI_Handler
                0x08000984        0x2 build/stm32f4xx_it.o
                0x08000984                NMI_Handler
 .text.HardFault_Handler
                0x08000986        0x2 build/stm32f4xx_it.o
                0x08000986                HardFault_Handler
 .text.MemManage_Handler
                0x08000988        0x2 build/stm32f4xx_it.o
                0x08000988                MemManage_Handler
 .text.BusFault_Handler
                0x0800098a        0x2 build/stm32f4xx_it.o
                0x0800098a                BusFault_Handler
 .text.UsageFault_Handler
                0x0800098c        0x2 build/stm32f4xx_it.o
                0x0800098c                UsageFault_Handler
 .text.SVC_Handler
                0x0800098e        0x2 build/stm32f4xx_it.o
                0x0800098e                SVC_Handler
 .text.DebugMon_Handler
                0x08000990        0x2 build/stm32f4xx_it.o
                0x08000990                DebugMon_Handler
 .text.PendSV_Handler
                0x08000992        0x2 build/stm32f4xx_it.o
                0x08000992                PendSV_Handler
 .text.SysTick_Handler
                0x08000994        0x8 build/stm32f4xx_it.o
                0x08000994                SysTick_Handler
 .text.DMA2_Stream0_IRQHandler
                0x0800099c       0x10 build/stm32f4xx_it.o
                0x0800099c                DMA2_Stream0_IRQHandler
 .text._sbrk    0x080009ac       0x48 build/sysmem.o
                0x080009ac                _sbrk
 .text.SystemInit
                0x080009f4       0x14 build/system_stm32f4xx.o
                0x080009f4                SystemInit
 .text.MX_TIM2_Init
                0x08000a08       0x68 build/tim.o
                0x08000a08                MX_TIM2_Init
 .text.HAL_TIM_Encoder_MspInit
                0x08000a70       0x68 build/tim.o
                0x08000a70                HAL_TIM_Encoder_MspInit
 .text.MX_USART1_UART_Init
                0x08000ad8       0x34 build/usart.o
                0x08000ad8                MX_USART1_UART_Init
 .text.HAL_UART_MspInit
                0x08000b0c       0x70 build/usart.o
                0x08000b0c                HAL_UART_MspInit
 .text.HAL_InitTick
                0x08000b7c       0x4c build/stm32f4xx_hal.o
                0x08000b7c                HAL_InitTick
 .text.HAL_Init
                0x08000bc8       0x34 build/stm32f4xx_hal.o
                0x08000bc8                HAL_Init
 .text.HAL_IncTick
                0x08000bfc       0x18 build/stm32f4xx_hal.o
                0x08000bfc                HAL_IncTick
 .text.HAL_GetTick
                0x08000c14        0xc build/stm32f4xx_hal.o
                0x08000c14                HAL_GetTick
 .text.HAL_Delay
                0x08000c20       0x28 build/stm32f4xx_hal.o
                0x08000c20                HAL_Delay
 .text.ADC_Init
                0x08000c48      0x134 build/stm32f4xx_hal_adc.o
 .text.HAL_ADC_Init
                0x08000d7c       0x56 build/stm32f4xx_hal_adc.o
                0x08000d7c                HAL_ADC_Init
 *fill*         0x08000dd2        0x2 
 .text.HAL_ADC_Start_DMA
                0x08000dd4      0x164 build/stm32f4xx_hal_adc.o
                0x08000dd4                HAL_ADC_Start_DMA
 .text.HAL_ADC_ConvCpltCallback
                0x08000f38        0x2 build/stm32f4xx_hal_adc.o
                0x08000f38                HAL_ADC_ConvCpltCallback
 .text.HAL_ADC_ConvHalfCpltCallback
                0x08000f3a        0x2 build/stm32f4xx_hal_adc.o
                0x08000f3a                HAL_ADC_ConvHalfCpltCallback
 .text.ADC_DMAHalfConvCplt
                0x08000f3c        0xa build/stm32f4xx_hal_adc.o
 .text.HAL_ADC_ErrorCallback
                0x08000f46        0x2 build/stm32f4xx_hal_adc.o
                0x08000f46                HAL_ADC_ErrorCallback
 .text.ADC_DMAError
                0x08000f48       0x16 build/stm32f4xx_hal_adc.o
 .text.ADC_DMAConvCplt
                0x08000f5e       0x72 build/stm32f4xx_hal_adc.o
 .text.HAL_ADC_ConfigChannel
                0x08000fd0      0x1ac build/stm32f4xx_hal_adc.o
                0x08000fd0                HAL_ADC_ConfigChannel
 .text.__NVIC_SetPriority
                0x0800117c       0x28 build/stm32f4xx_hal_cortex.o
 .text.NVIC_EncodePriority
                0x080011a4       0x3e build/stm32f4xx_hal_cortex.o
 *fill*         0x080011e2        0x2 
 .text.HAL_NVIC_SetPriorityGrouping
                0x080011e4       0x24 build/stm32f4xx_hal_cortex.o
                0x080011e4                HAL_NVIC_SetPriorityGrouping
 .text.HAL_NVIC_SetPriority
                0x08001208       0x20 build/stm32f4xx_hal_cortex.o
                0x08001208                HAL_NVIC_SetPriority
 .text.HAL_NVIC_EnableIRQ
                0x08001228       0x1c build/stm32f4xx_hal_cortex.o
                0x08001228                HAL_NVIC_EnableIRQ
 .text.HAL_SYSTICK_Config
                0x08001244       0x28 build/stm32f4xx_hal_cortex.o
                0x08001244                HAL_SYSTICK_Config
 .text.DMA_SetConfig
                0x0800126c       0x2c build/stm32f4xx_hal_dma.o
 .text.DMA_CalcBaseAndBitshift
                0x08001298       0x3c build/stm32f4xx_hal_dma.o
 .text.DMA_CheckFifoParam
                0x080012d4       0x8e build/stm32f4xx_hal_dma.o
 *fill*         0x08001362        0x2 
 .text.HAL_DMA_Init
                0x08001364       0xcc build/stm32f4xx_hal_dma.o
                0x08001364                HAL_DMA_Init
 .text.HAL_DMA_Start_IT
                0x08001430       0x6a build/stm32f4xx_hal_dma.o
                0x08001430                HAL_DMA_Start_IT
 *fill*         0x0800149a        0x2 
 .text.HAL_DMA_IRQHandler
                0x0800149c      0x1dc build/stm32f4xx_hal_dma.o
                0x0800149c                HAL_DMA_IRQHandler
 .text.HAL_GPIO_Init
                0x08001678      0x1c8 build/stm32f4xx_hal_gpio.o
                0x08001678                HAL_GPIO_Init
 .text.HAL_GPIO_ReadPin
                0x08001840        0xe build/stm32f4xx_hal_gpio.o
                0x08001840                HAL_GPIO_ReadPin
 .text.HAL_GPIO_WritePin
                0x0800184e        0xc build/stm32f4xx_hal_gpio.o
                0x0800184e                HAL_GPIO_WritePin
 *fill*         0x0800185a        0x2 
 .text.HAL_RCC_OscConfig
                0x0800185c      0x3f8 build/stm32f4xx_hal_rcc.o
                0x0800185c                HAL_RCC_OscConfig
 .text.HAL_RCC_GetSysClockFreq
                0x08001c54       0xa8 build/stm32f4xx_hal_rcc.o
                0x08001c54                HAL_RCC_GetSysClockFreq
 .text.HAL_RCC_ClockConfig
                0x08001cfc      0x160 build/stm32f4xx_hal_rcc.o
                0x08001cfc                HAL_RCC_ClockConfig
 .text.HAL_RCC_GetHCLKFreq
                0x08001e5c        0xc build/stm32f4xx_hal_rcc.o
                0x08001e5c                HAL_RCC_GetHCLKFreq
 .text.HAL_RCC_GetPCLK1Freq
                0x08001e68       0x20 build/stm32f4xx_hal_rcc.o
                0x08001e68                HAL_RCC_GetPCLK1Freq
 .text.HAL_RCC_GetPCLK2Freq
                0x08001e88       0x20 build/stm32f4xx_hal_rcc.o
                0x08001e88                HAL_RCC_GetPCLK2Freq
 .text.HAL_SPI_Init
                0x08001ea8       0xbe build/stm32f4xx_hal_spi.o
                0x08001ea8                HAL_SPI_Init
 *fill*         0x08001f66        0x2 
 .text.HAL_TIM_Base_Start
                0x08001f68       0x6c build/stm32f4xx_hal_tim.o
                0x08001f68                HAL_TIM_Base_Start
 .text.TIM_Base_SetConfig
                0x08001fd4       0x9c build/stm32f4xx_hal_tim.o
                0x08001fd4                TIM_Base_SetConfig
 .text.HAL_TIM_Encoder_Init
                0x08002070       0xb0 build/stm32f4xx_hal_tim.o
                0x08002070                HAL_TIM_Encoder_Init
 .text.HAL_TIMEx_MasterConfigSynchronization
                0x08002120       0x7c build/stm32f4xx_hal_tim_ex.o
                0x08002120                HAL_TIMEx_MasterConfigSynchronization
 .text.UART_SetConfig
                0x0800219c      0x110 build/stm32f4xx_hal_uart.o
 .text.UART_WaitOnFlagUntilTimeout
                0x080022ac       0x84 build/stm32f4xx_hal_uart.o
 .text.HAL_UART_Init
                0x08002330       0x5e build/stm32f4xx_hal_uart.o
                0x08002330                HAL_UART_Init
 .text.HAL_UART_Transmit
                0x0800238e       0xd8 build/stm32f4xx_hal_uart.o
                0x0800238e                HAL_UART_Transmit
 *fill*         0x08002466        0x2 
 .text.Reset_Handler
                0x08002468       0x50 build/startup_stm32f411xe.o
                0x08002468                Reset_Handler
 .text.Default_Handler
                0x080024b8        0x2 build/startup_stm32f411xe.o
                0x080024b8                RTC_Alarm_IRQHandler
                0x080024b8                EXTI2_IRQHandler
                0x080024b8                SPI4_IRQHandler
                0x080024b8                TIM1_CC_IRQHandler
                0x080024b8                DMA2_Stream5_IRQHandler
                0x080024b8                DMA1_Stream5_IRQHandler
                0x080024b8                PVD_IRQHandler
                0x080024b8                SDIO_IRQHandler
                0x080024b8                TAMP_STAMP_IRQHandler
                0x080024b8                EXTI3_IRQHandler
                0x080024b8                TIM1_UP_TIM10_IRQHandler
                0x080024b8                I2C3_ER_IRQHandler
                0x080024b8                EXTI0_IRQHandler
                0x080024b8                I2C2_EV_IRQHandler
                0x080024b8                DMA1_Stream2_IRQHandler
                0x080024b8                FPU_IRQHandler
                0x080024b8                DMA2_Stream2_IRQHandler
                0x080024b8                SPI1_IRQHandler
                0x080024b8                TIM1_BRK_TIM9_IRQHandler
                0x080024b8                DMA2_Stream3_IRQHandler
                0x080024b8                USART6_IRQHandler
                0x080024b8                TIM4_IRQHandler
                0x080024b8                I2C1_EV_IRQHandler
                0x080024b8                DMA1_Stream6_IRQHandler
                0x080024b8                DMA1_Stream1_IRQHandler
                0x080024b8                TIM3_IRQHandler
                0x080024b8                RCC_IRQHandler
                0x080024b8                Default_Handler
                0x080024b8                EXTI15_10_IRQHandler
                0x080024b8                ADC_IRQHandler
                0x080024b8                DMA1_Stream7_IRQHandler
                0x080024b8                SPI5_IRQHandler
                0x080024b8                TIM5_IRQHandler
                0x080024b8                DMA2_Stream7_IRQHandler
                0x080024b8                I2C3_EV_IRQHandler
                0x080024b8                EXTI9_5_IRQHandler
                0x080024b8                RTC_WKUP_IRQHandler
                0x080024b8                SPI2_IRQHandler
                0x080024b8                DMA1_Stream0_IRQHandler
                0x080024b8                EXTI4_IRQHandler
                0x080024b8                WWDG_IRQHandler
                0x080024b8                TIM2_IRQHandler
                0x080024b8                OTG_FS_WKUP_IRQHandler
                0x080024b8                TIM1_TRG_COM_TIM11_IRQHandler
                0x080024b8                EXTI1_IRQHandler
                0x080024b8                USART2_IRQHandler
                0x080024b8                I2C2_ER_IRQHandler
                0x080024b8                DMA2_Stream1_IRQHandler
                0x080024b8                FLASH_IRQHandler
                0x080024b8                DMA2_Stream4_IRQHandler
                0x080024b8                USART1_IRQHandler
                0x080024b8                OTG_FS_IRQHandler
                0x080024b8                SPI3_IRQHandler
                0x080024b8                DMA1_Stream4_IRQHandler
                0x080024b8                I2C1_ER_IRQHandler
                0x080024b8                DMA2_Stream6_IRQHandler
                0x080024b8                DMA1_Stream3_IRQHandler
 .text._vsnprintf_r
                0x080024ba       0x56 c:/Users/Konrad/AppData/Roaming/Code/User/globalStorage/bmd.stm32-for-vscode/@xpack-dev-tools/arm-none-eabi-gcc/13.2.1-1.1.1/.content/bin/../lib/gcc/arm-none-eabi/13.2.1/../../../../arm-none-eabi/lib/thumb/v7e-m+fp/hard\libc_nano.a(libc_a-vsnprintf.o)
                0x080024ba                _vsniprintf_r
                0x080024ba                _vsnprintf_r
 .text.vsnprintf
                0x08002510       0x1c c:/Users/Konrad/AppData/Roaming/Code/User/globalStorage/bmd.stm32-for-vscode/@xpack-dev-tools/arm-none-eabi-gcc/13.2.1-1.1.1/.content/bin/../lib/gcc/arm-none-eabi/13.2.1/../../../../arm-none-eabi/lib/thumb/v7e-m+fp/hard\libc_nano.a(libc_a-vsnprintf.o)
                0x08002510                vsniprintf
                0x08002510                vsnprintf
 .text.memset   0x0800252c       0x10 c:/Users/Konrad/AppData/Roaming/Code/User/globalStorage/bmd.stm32-for-vscode/@xpack-dev-tools/arm-none-eabi-gcc/13.2.1-1.1.1/.content/bin/../lib/gcc/arm-none-eabi/13.2.1/../../../../arm-none-eabi/lib/thumb/v7e-m+fp/hard\libc_nano.a(libc_a-memset.o)
                0x0800252c                memset
 .text.__errno  0x0800253c        0xc c:/Users/Konrad/AppData/Roaming/Code/User/globalStorage/bmd.stm32-for-vscode/@xpack-dev-tools/arm-none-eabi-gcc/13.2.1-1.1.1/.content/bin/../lib/gcc/arm-none-eabi/13.2.1/../../../../arm-none-eabi/lib/thumb/v7e-m+fp/hard\libc_nano.a(libc_a-errno.o)
                0x0800253c                __errno
 .text.__libc_init_array
                0x08002548       0x48 c:/Users/Konrad/AppData/Roaming/Code/User/globalStorage/bmd.stm32-for-vscode/@xpack-dev-tools/arm-none-eabi-gcc/13.2.1-1.1.1/.content/bin/../lib/gcc/arm-none-eabi/13.2.1/../../../../arm-none-eabi/lib/thumb/v7e-m+fp/hard\libc_nano.a(libc_a-init.o)
                0x08002548                __libc_init_array
 .text.__retarget_lock_acquire_recursive
                0x08002590        0x2 c:/Users/Konrad/AppData/Roaming/Code/User/globalStorage/bmd.stm32-for-vscode/@xpack-dev-tools/arm-none-eabi-gcc/13.2.1-1.1.1/.content/bin/../lib/gcc/arm-none-eabi/13.2.1/../../../../arm-none-eabi/lib/thumb/v7e-m+fp/hard\libc_nano.a(libc_a-lock.o)
                0x08002590                __retarget_lock_acquire_recursive
 .text.__retarget_lock_release_recursive
                0x08002592        0x2 c:/Users/Konrad/AppData/Roaming/Code/User/globalStorage/bmd.stm32-for-vscode/@xpack-dev-tools/arm-none-eabi-gcc/13.2.1-1.1.1/.content/bin/../lib/gcc/arm-none-eabi/13.2.1/../../../../arm-none-eabi/lib/thumb/v7e-m+fp/hard\libc_nano.a(libc_a-lock.o)
                0x08002592                __retarget_lock_release_recursive
 .text._free_r  0x08002594       0x94 c:/Users/Konrad/AppData/Roaming/Code/User/globalStorage/bmd.stm32-for-vscode/@xpack-dev-tools/arm-none-eabi-gcc/13.2.1-1.1.1/.content/bin/../lib/gcc/arm-none-eabi/13.2.1/../../../../arm-none-eabi/lib/thumb/v7e-m+fp/hard\libc_nano.a(libc_a-freer.o)
                0x08002594                _free_r
 .text.sbrk_aligned
                0x08002628       0x44 c:/Users/Konrad/AppData/Roaming/Code/User/globalStorage/bmd.stm32-for-vscode/@xpack-dev-tools/arm-none-eabi-gcc/13.2.1-1.1.1/.content/bin/../lib/gcc/arm-none-eabi/13.2.1/../../../../arm-none-eabi/lib/thumb/v7e-m+fp/hard\libc_nano.a(libc_a-mallocr.o)
 .text._malloc_r
                0x0800266c      0x100 c:/Users/Konrad/AppData/Roaming/Code/User/globalStorage/bmd.stm32-for-vscode/@xpack-dev-tools/arm-none-eabi-gcc/13.2.1-1.1.1/.content/bin/../lib/gcc/arm-none-eabi/13.2.1/../../../../arm-none-eabi/lib/thumb/v7e-m+fp/hard\libc_nano.a(libc_a-mallocr.o)
                0x0800266c                _malloc_r
 .text.__malloc_lock
                0x0800276c        0xc c:/Users/Konrad/AppData/Roaming/Code/User/globalStorage/bmd.stm32-for-vscode/@xpack-dev-tools/arm-none-eabi-gcc/13.2.1-1.1.1/.content/bin/../lib/gcc/arm-none-eabi/13.2.1/../../../../arm-none-eabi/lib/thumb/v7e-m+fp/hard\libc_nano.a(libc_a-mlock.o)
                0x0800276c                __malloc_lock
 .text.__malloc_unlock
                0x08002778        0xc c:/Users/Konrad/AppData/Roaming/Code/User/globalStorage/bmd.stm32-for-vscode/@xpack-dev-tools/arm-none-eabi-gcc/13.2.1-1.1.1/.content/bin/../lib/gcc/arm-none-eabi/13.2.1/../../../../arm-none-eabi/lib/thumb/v7e-m+fp/hard\libc_nano.a(libc_a-mlock.o)
                0x08002778                __malloc_unlock
 .text.__ssputs_r
                0x08002784       0xb6 c:/Users/Konrad/AppData/Roaming/Code/User/globalStorage/bmd.stm32-for-vscode/@xpack-dev-tools/arm-none-eabi-gcc/13.2.1-1.1.1/.content/bin/../lib/gcc/arm-none-eabi/13.2.1/../../../../arm-none-eabi/lib/thumb/v7e-m+fp/hard\libc_nano.a(libc_a-nano-svfprintf.o)
                0x08002784                __ssputs_r
 *fill*         0x0800283a        0x2 
 .text._svfprintf_r
                0x0800283c      0x1f8 c:/Users/Konrad/AppData/Roaming/Code/User/globalStorage/bmd.stm32-for-vscode/@xpack-dev-tools/arm-none-eabi-gcc/13.2.1-1.1.1/.content/bin/../lib/gcc/arm-none-eabi/13.2.1/../../../../arm-none-eabi/lib/thumb/v7e-m+fp/hard\libc_nano.a(libc_a-nano-svfprintf.o)
                0x0800283c                _svfiprintf_r
                0x0800283c                _svfprintf_r
 .text._printf_common
                0x08002a34       0xda c:/Users/Konrad/AppData/Roaming/Code/User/globalStorage/bmd.stm32-for-vscode/@xpack-dev-tools/arm-none-eabi-gcc/13.2.1-1.1.1/.content/bin/../lib/gcc/arm-none-eabi/13.2.1/../../../../arm-none-eabi/lib/thumb/v7e-m+fp/hard\libc_nano.a(libc_a-nano-vfprintf_i.o)
                0x08002a34                _printf_common
 *fill*         0x08002b0e        0x2 
 .text._printf_i
                0x08002b10      0x23c c:/Users/Konrad/AppData/Roaming/Code/User/globalStorage/bmd.stm32-for-vscode/@xpack-dev-tools/arm-none-eabi-gcc/13.2.1-1.1.1/.content/bin/../lib/gcc/arm-none-eabi/13.2.1/../../../../arm-none-eabi/lib/thumb/v7e-m+fp/hard\libc_nano.a(libc_a-nano-vfprintf_i.o)
                0x08002b10                _printf_i
 .text.memmove  0x08002d4c       0x34 c:/Users/Konrad/AppData/Roaming/Code/User/globalStorage/bmd.stm32-for-vscode/@xpack-dev-tools/arm-none-eabi-gcc/13.2.1-1.1.1/.content/bin/../lib/gcc/arm-none-eabi/13.2.1/../../../../arm-none-eabi/lib/thumb/v7e-m+fp/hard\libc_nano.a(libc_a-memmove.o)
                0x08002d4c                memmove
 .text._sbrk_r  0x08002d80       0x20 c:/Users/Konrad/AppData/Roaming/Code/User/globalStorage/bmd.stm32-for-vscode/@xpack-dev-tools/arm-none-eabi-gcc/13.2.1-1.1.1/.content/bin/../lib/gcc/arm-none-eabi/13.2.1/../../../../arm-none-eabi/lib/thumb/v7e-m+fp/hard\libc_nano.a(libc_a-sbrkr.o)
                0x08002d80                _sbrk_r
 .text.memcpy   0x08002da0       0x1c c:/Users/Konrad/AppData/Roaming/Code/User/globalStorage/bmd.stm32-for-vscode/@xpack-dev-tools/arm-none-eabi-gcc/13.2.1-1.1.1/.content/bin/../lib/gcc/arm-none-eabi/13.2.1/../../../../arm-none-eabi/lib/thumb/v7e-m+fp/hard\libc_nano.a(libc_a-memcpy-stub.o)
                0x08002da0                memcpy
 .text._realloc_r
                0x08002dbc       0x5c c:/Users/Konrad/AppData/Roaming/Code/User/globalStorage/bmd.stm32-for-vscode/@xpack-dev-tools/arm-none-eabi-gcc/13.2.1-1.1.1/.content/bin/../lib/gcc/arm-none-eabi/13.2.1/../../../../arm-none-eabi/lib/thumb/v7e-m+fp/hard\libc_nano.a(libc_a-reallocr.o)
                0x08002dbc                _realloc_r
 .text._malloc_usable_size_r
                0x08002e18       0x10 c:/Users/Konrad/AppData/Roaming/Code/User/globalStorage/bmd.stm32-for-vscode/@xpack-dev-tools/arm-none-eabi-gcc/13.2.1-1.1.1/.content/bin/../lib/gcc/arm-none-eabi/13.2.1/../../../../arm-none-eabi/lib/thumb/v7e-m+fp/hard\libc_nano.a(libc_a-msizer.o)
                0x08002e18                _malloc_usable_size_r
 .text.__udivmoddi4
                0x08002e28      0x2bc c:/Users/Konrad/AppData/Roaming/Code/User/globalStorage/bmd.stm32-for-vscode/@xpack-dev-tools/arm-none-eabi-gcc/13.2.1-1.1.1/.content/bin/../lib/gcc/arm-none-eabi/13.2.1/thumb/v7e-m+fp/hard\libgcc.a(_udivmoddi4.o)
                0x08002e28                __udivmoddi4
 *(.glue_7)
 .glue_7        0x080030e4        0x0 linker stubs
 *(.glue_7t)
 .glue_7t       0x080030e4        0x0 linker stubs
 *(.eh_frame)
 .eh_frame      0x080030e4        0x0 c:/Users/Konrad/AppData/Roaming/Code/User/globalStorage/bmd.stm32-for-vscode/@xpack-dev-tools/arm-none-eabi-gcc/13.2.1-1.1.1/.content/bin/../lib/gcc/arm-none-eabi/13.2.1/thumb/v7e-m+fp/hard/crtbegin.o
 *(.init)
 .init          0x080030e4        0x4 c:/Users/Konrad/AppData/Roaming/Code/User/globalStorage/bmd.stm32-for-vscode/@xpack-dev-tools/arm-none-eabi-gcc/13.2.1-1.1.1/.content/bin/../lib/gcc/arm-none-eabi/13.2.1/thumb/v7e-m+fp/hard/crti.o
                0x080030e4                _init
 .init          0x080030e8        0x8 c:/Users/Konrad/AppData/Roaming/Code/User/globalStorage/bmd.stm32-for-vscode/@xpack-dev-tools/arm-none-eabi-gcc/13.2.1-1.1.1/.content/bin/../lib/gcc/arm-none-eabi/13.2.1/thumb/v7e-m+fp/hard/crtn.o
 *(.fini)
 .fini          0x080030f0        0x4 c:/Users/Konrad/AppData/Roaming/Code/User/globalStorage/bmd.stm32-for-vscode/@xpack-dev-tools/arm-none-eabi-gcc/13.2.1-1.1.1/.content/bin/../lib/gcc/arm-none-eabi/13.2.1/thumb/v7e-m+fp/hard/crti.o
                0x080030f0                _fini
 .fini          0x080030f4        0x8 c:/Users/Konrad/AppData/Roaming/Code/User/globalStorage/bmd.stm32-for-vscode/@xpack-dev-tools/arm-none-eabi-gcc/13.2.1-1.1.1/.content/bin/../lib/gcc/arm-none-eabi/13.2.1/thumb/v7e-m+fp/hard/crtn.o
                0x080030fc                        . = ALIGN (0x4)
                0x080030fc                        _etext = .

.vfp11_veneer   0x080030fc        0x0
 .vfp11_veneer  0x080030fc        0x0 linker stubs

.v4_bx          0x080030fc        0x0
 .v4_bx         0x080030fc        0x0 linker stubs

.iplt           0x080030fc        0x0
 .iplt          0x080030fc        0x0 c:/Users/Konrad/AppData/Roaming/Code/User/globalStorage/bmd.stm32-for-vscode/@xpack-dev-tools/arm-none-eabi-gcc/13.2.1-1.1.1/.content/bin/../lib/gcc/arm-none-eabi/13.2.1/thumb/v7e-m+fp/hard/crtbegin.o

.rodata         0x080030fc       0xd8
                0x080030fc                        . = ALIGN (0x4)
 *(.rodata)
 .rodata        0x080030fc       0x18 build/clean_main.o
 *(.rodata*)
 .rodata.line.str1.4
                0x08003114       0x69 build/clean_main.o
                                  0xd (size before relaxing)
 .rodata.change_char.str1.4
                0x0800317d       0x11 build/clean_main.o
 .rodata.testOutput.str1.4
                0x0800317d        0xe build/clean_main.o
 .rodata.menu.str1.4
                0x0800317d        0x6 build/clean_main.o
 .rodata.str1.4
                0x0800317d       0x2d build/clean_main.o
 *fill*         0x0800317d        0x3 
 .rodata.APBPrescTable
                0x08003180        0x8 build/system_stm32f4xx.o
                0x08003180                APBPrescTable
 .rodata.AHBPrescTable
                0x08003188       0x10 build/system_stm32f4xx.o
                0x08003188                AHBPrescTable
 .rodata.flagBitshiftOffset.0
                0x08003198        0x8 build/stm32f4xx_hal_dma.o
 .rodata._svfprintf_r.str1.1
                0x080031a0       0x33 c:/Users/Konrad/AppData/Roaming/Code/User/globalStorage/bmd.stm32-for-vscode/@xpack-dev-tools/arm-none-eabi-gcc/13.2.1-1.1.1/.content/bin/../lib/gcc/arm-none-eabi/13.2.1/../../../../arm-none-eabi/lib/thumb/v7e-m+fp/hard\libc_nano.a(libc_a-nano-svfprintf.o)
                                 0x11 (size before relaxing)
 .rodata._printf_i.str1.1
                0x080031d3       0x22 c:/Users/Konrad/AppData/Roaming/Code/User/globalStorage/bmd.stm32-for-vscode/@xpack-dev-tools/arm-none-eabi-gcc/13.2.1-1.1.1/.content/bin/../lib/gcc/arm-none-eabi/13.2.1/../../../../arm-none-eabi/lib/thumb/v7e-m+fp/hard\libc_nano.a(libc_a-nano-vfprintf_i.o)
                0x080031f8                        . = ALIGN (0x4)
 *fill*         0x080031d3        0x1 

.ARM.extab
 *(.ARM.extab* .gnu.linkonce.armextab.*)

.ARM            0x080031d4        0x8
                0x080031d4                        __exidx_start = .
 *(.ARM.exidx*)
 .ARM.exidx     0x080031d4        0x8 c:/Users/Konrad/AppData/Roaming/Code/User/globalStorage/bmd.stm32-for-vscode/@xpack-dev-tools/arm-none-eabi-gcc/13.2.1-1.1.1/.content/bin/../lib/gcc/arm-none-eabi/13.2.1/../../../../arm-none-eabi/lib/thumb/v7e-m+fp/hard\libc_nano.a(libc_a-memchr.o)
 .ARM.exidx.text.__udivmoddi4
                0x080031dc        0x0 c:/Users/Konrad/AppData/Roaming/Code/User/globalStorage/bmd.stm32-for-vscode/@xpack-dev-tools/arm-none-eabi-gcc/13.2.1-1.1.1/.content/bin/../lib/gcc/arm-none-eabi/13.2.1/thumb/v7e-m+fp/hard\libgcc.a(_udivmoddi4.o)
                                  0x8 (size before relaxing)
                0x080031dc                        __exidx_end = .

.rel.dyn        0x080031dc        0x0
 .rel.iplt      0x080031dc        0x0 c:/Users/Konrad/AppData/Roaming/Code/User/globalStorage/bmd.stm32-for-vscode/@xpack-dev-tools/arm-none-eabi-gcc/13.2.1-1.1.1/.content/bin/../lib/gcc/arm-none-eabi/13.2.1/thumb/v7e-m+fp/hard/crtbegin.o

.preinit_array  0x080031dc        0x0
                0x080031dc                        PROVIDE (__preinit_array_start = .)
 *(.preinit_array*)
                0x080031dc                        PROVIDE (__preinit_array_end = .)

.init_array     0x080031dc        0x4
                0x080031dc                        PROVIDE (__init_array_start = .)
 *(SORT_BY_NAME(.init_array.*))
 *(.init_array*)
 .init_array    0x080031dc        0x4 c:/Users/Konrad/AppData/Roaming/Code/User/globalStorage/bmd.stm32-for-vscode/@xpack-dev-tools/arm-none-eabi-gcc/13.2.1-1.1.1/.content/bin/../lib/gcc/arm-none-eabi/13.2.1/thumb/v7e-m+fp/hard/crtbegin.o
                0x080031e0                        PROVIDE (__init_array_end = .)

.fini_array     0x080031e0        0x4
                0x080031e0                        PROVIDE (__fini_array_start = .)
 *(SORT_BY_NAME(.fini_array.*))
 *(.fini_array*)
 .fini_array    0x080031e0        0x4 c:/Users/Konrad/AppData/Roaming/Code/User/globalStorage/bmd.stm32-for-vscode/@xpack-dev-tools/arm-none-eabi-gcc/13.2.1-1.1.1/.content/bin/../lib/gcc/arm-none-eabi/13.2.1/thumb/v7e-m+fp/hard/crtbegin.o
                0x080031e4                        PROVIDE (__fini_array_end = .)
                0x080031e4                        _sidata = LOADADDR (.data)

.data           0x20000000       0x60 load address 0x080031e4
                0x20000000                        . = ALIGN (0x4)
                0x20000000                        _sdata = .
 *(.data)
 *(.data*)
 .data.znak     0x20000000        0x1 build/clean_main.o
                0x20000000                znak
 *fill*         0x20000001        0x1 
 .data.stan_enc
                0x20000002        0x2 build/clean_main.o
                0x20000002                stan_enc
 .data.SystemCoreClock
                0x20000004        0x4 build/system_stm32f4xx.o
                0x20000004                SystemCoreClock
 .data.uwTickFreq
                0x20000008        0x1 build/stm32f4xx_hal.o
                0x20000008                uwTickFreq
 *fill*         0x20000009        0x3 
 .data.uwTickPrio
                0x2000000c        0x4 build/stm32f4xx_hal.o
                0x2000000c                uwTickPrio
 .data._impure_ptr
                0x20000010        0x4 c:/Users/Konrad/AppData/Roaming/Code/User/globalStorage/bmd.stm32-for-vscode/@xpack-dev-tools/arm-none-eabi-gcc/13.2.1-1.1.1/.content/bin/../lib/gcc/arm-none-eabi/13.2.1/../../../../arm-none-eabi/lib/thumb/v7e-m+fp/hard\libc_nano.a(libc_a-impure.o)
                0x20000010                _impure_ptr
 .data._impure_data
                0x20000014       0x4c c:/Users/Konrad/AppData/Roaming/Code/User/globalStorage/bmd.stm32-for-vscode/@xpack-dev-tools/arm-none-eabi-gcc/13.2.1-1.1.1/.content/bin/../lib/gcc/arm-none-eabi/13.2.1/../../../../arm-none-eabi/lib/thumb/v7e-m+fp/hard\libc_nano.a(libc_a-impure.o)
                0x20000014                _impure_data
                0x20000060                        . = ALIGN (0x4)
                0x20000060                        _edata = .

.igot.plt       0x20000060        0x0 load address 0x08003244
 .igot.plt      0x20000060        0x0 c:/Users/Konrad/AppData/Roaming/Code/User/globalStorage/bmd.stm32-for-vscode/@xpack-dev-tools/arm-none-eabi-gcc/13.2.1-1.1.1/.content/bin/../lib/gcc/arm-none-eabi/13.2.1/thumb/v7e-m+fp/hard/crtbegin.o
                0x20000060                        . = ALIGN (0x4)

.bss            0x20000060      0x314 load address 0x08003244
                0x20000060                        _sbss = .
                0x20000060                        __bss_start__ = _sbss
 *(.bss)
 *(.bss*)
 .bss.completed.1
                0x20000060        0x1 c:/Users/Konrad/AppData/Roaming/Code/User/globalStorage/bmd.stm32-for-vscode/@xpack-dev-tools/arm-none-eabi-gcc/13.2.1-1.1.1/.content/bin/../lib/gcc/arm-none-eabi/13.2.1/thumb/v7e-m+fp/hard/crtbegin.o
 *fill*         0x20000061        0x3 
 .bss.object.0  0x20000064       0x18 c:/Users/Konrad/AppData/Roaming/Code/User/globalStorage/bmd.stm32-for-vscode/@xpack-dev-tools/arm-none-eabi-gcc/13.2.1-1.1.1/.content/bin/../lib/gcc/arm-none-eabi/13.2.1/thumb/v7e-m+fp/hard/crtbegin.o
 .bss.hdma_adc1
                0x2000007c       0x60 build/adc.o
                0x2000007c                hdma_adc1
 .bss.hadc1     0x200000dc       0x48 build/adc.o
                0x200000dc                hadc1
 .bss.samples   0x20000124        0x4 build/clean_main.o
                0x20000124                samples
 .bss.pasek     0x20000128       0x14 build/clean_main.o
                0x20000128                pasek
 .bss.LastTimerCounter.0
                0x2000013c        0x2 build/enc_disp.o
 *fill*         0x2000013e        0x2 
 .bss.hspi1     0x20000140       0x58 build/spi.o
                0x20000140                hspi1
 .bss.__sbrk_heap_end
                0x20000198        0x4 build/sysmem.o
 .bss.htim2     0x2000019c       0x48 build/tim.o
                0x2000019c                htim2
 .bss.huart1    0x200001e4       0x44 build/usart.o
                0x200001e4                huart1
 .bss.uwTick    0x20000228        0x4 build/stm32f4xx_hal.o
                0x20000228                uwTick
 .bss.__sf      0x2000022c      0x138 c:/Users/Konrad/AppData/Roaming/Code/User/globalStorage/bmd.stm32-for-vscode/@xpack-dev-tools/arm-none-eabi-gcc/13.2.1-1.1.1/.content/bin/../lib/gcc/arm-none-eabi/13.2.1/../../../../arm-none-eabi/lib/thumb/v7e-m+fp/hard\libc_nano.a(libc_a-findfp.o)
                0x2000022c                __sf
 .bss.errno     0x20000364        0x4 c:/Users/Konrad/AppData/Roaming/Code/User/globalStorage/bmd.stm32-for-vscode/@xpack-dev-tools/arm-none-eabi-gcc/13.2.1-1.1.1/.content/bin/../lib/gcc/arm-none-eabi/13.2.1/../../../../arm-none-eabi/lib/thumb/v7e-m+fp/hard\libc_nano.a(libc_a-reent.o)
                0x20000364                errno
 .bss.__lock___malloc_recursive_mutex
                0x20000368        0x1 c:/Users/Konrad/AppData/Roaming/Code/User/globalStorage/bmd.stm32-for-vscode/@xpack-dev-tools/arm-none-eabi-gcc/13.2.1-1.1.1/.content/bin/../lib/gcc/arm-none-eabi/13.2.1/../../../../arm-none-eabi/lib/thumb/v7e-m+fp/hard\libc_nano.a(libc_a-lock.o)
                0x20000368                __lock___malloc_recursive_mutex
 *fill*         0x20000369        0x3 
 .bss.__malloc_sbrk_start
                0x2000036c        0x4 c:/Users/Konrad/AppData/Roaming/Code/User/globalStorage/bmd.stm32-for-vscode/@xpack-dev-tools/arm-none-eabi-gcc/13.2.1-1.1.1/.content/bin/../lib/gcc/arm-none-eabi/13.2.1/../../../../arm-none-eabi/lib/thumb/v7e-m+fp/hard\libc_nano.a(libc_a-mallocr.o)
                0x2000036c                __malloc_sbrk_start
 .bss.__malloc_free_list
                0x20000370        0x4 c:/Users/Konrad/AppData/Roaming/Code/User/globalStorage/bmd.stm32-for-vscode/@xpack-dev-tools/arm-none-eabi-gcc/13.2.1-1.1.1/.content/bin/../lib/gcc/arm-none-eabi/13.2.1/../../../../arm-none-eabi/lib/thumb/v7e-m+fp/hard\libc_nano.a(libc_a-mallocr.o)
                0x20000370                __malloc_free_list
 *(COMMON)
                0x20000374                        . = ALIGN (0x4)
                0x20000374                        _ebss = .
                0x20000374                        __bss_end__ = _ebss

._user_heap_stack
                0x20000374      0x604 load address 0x08003244
                0x20000378                        . = ALIGN (0x8)
 *fill*         0x20000374        0x4 
                [!provide]                        PROVIDE (end = .)
                0x20000378                        PROVIDE (_end = .)
                0x20000578                        . = (. + _Min_Heap_Size)
 *fill*         0x20000378      0x200 
                0x20000978                        . = (. + _Min_Stack_Size)
 *fill*         0x20000578      0x400 
                0x20000978                        . = ALIGN (0x8)

/DISCARD/
 libc.a(*)
 libm.a(*)
 libgcc.a(*)

.ARM.attributes
                0x00000000       0x30
 *(.ARM.attributes)
 .ARM.attributes
                0x00000000       0x22 c:/Users/Konrad/AppData/Roaming/Code/User/globalStorage/bmd.stm32-for-vscode/@xpack-dev-tools/arm-none-eabi-gcc/13.2.1-1.1.1/.content/bin/../lib/gcc/arm-none-eabi/13.2.1/thumb/v7e-m+fp/hard/crti.o
 .ARM.attributes
                0x00000022       0x34 c:/Users/Konrad/AppData/Roaming/Code/User/globalStorage/bmd.stm32-for-vscode/@xpack-dev-tools/arm-none-eabi-gcc/13.2.1-1.1.1/.content/bin/../lib/gcc/arm-none-eabi/13.2.1/thumb/v7e-m+fp/hard/crtbegin.o
 .ARM.attributes
                0x00000056       0x34 build/adc.o
 .ARM.attributes
                0x0000008a       0x34 build/clean_main.o
 .ARM.attributes
                0x000000be       0x34 build/dma.o
 .ARM.attributes
                0x000000f2       0x34 build/enc_disp.o
 .ARM.attributes
                0x00000126       0x34 build/gpio.o
 .ARM.attributes
                0x0000015a       0x34 build/main.o
 .ARM.attributes
                0x0000018e       0x34 build/spi.o
 .ARM.attributes
                0x000001c2       0x34 build/stm32f4xx_hal_msp.o
 .ARM.attributes
                0x000001f6       0x34 build/stm32f4xx_it.o
 .ARM.attributes
                0x0000022a       0x34 build/sysmem.o
 .ARM.attributes
                0x0000025e       0x34 build/system_stm32f4xx.o
 .ARM.attributes
                0x00000292       0x34 build/tim.o
 .ARM.attributes
                0x000002c6       0x34 build/usart.o
 .ARM.attributes
                0x000002fa       0x34 build/stm32f4xx_hal.o
 .ARM.attributes
                0x0000032e       0x34 build/stm32f4xx_hal_adc.o
 .ARM.attributes
                0x00000362       0x34 build/stm32f4xx_hal_cortex.o
 .ARM.attributes
                0x00000396       0x34 build/stm32f4xx_hal_dma.o
 .ARM.attributes
                0x000003ca       0x34 build/stm32f4xx_hal_gpio.o
 .ARM.attributes
                0x000003fe       0x34 build/stm32f4xx_hal_rcc.o
 .ARM.attributes
                0x00000432       0x34 build/stm32f4xx_hal_spi.o
 .ARM.attributes
                0x00000466       0x34 build/stm32f4xx_hal_tim.o
 .ARM.attributes
                0x0000049a       0x34 build/stm32f4xx_hal_tim_ex.o
 .ARM.attributes
                0x000004ce       0x34 build/stm32f4xx_hal_uart.o
 .ARM.attributes
                0x00000502       0x21 build/startup_stm32f411xe.o
 .ARM.attributes
                0x00000523       0x34 c:/Users/Konrad/AppData/Roaming/Code/User/globalStorage/bmd.stm32-for-vscode/@xpack-dev-tools/arm-none-eabi-gcc/13.2.1-1.1.1/.content/bin/../lib/gcc/arm-none-eabi/13.2.1/../../../../arm-none-eabi/lib/thumb/v7e-m+fp/hard\libc_nano.a(libc_a-findfp.o)
 .ARM.attributes
                0x00000557       0x34 c:/Users/Konrad/AppData/Roaming/Code/User/globalStorage/bmd.stm32-for-vscode/@xpack-dev-tools/arm-none-eabi-gcc/13.2.1-1.1.1/.content/bin/../lib/gcc/arm-none-eabi/13.2.1/../../../../arm-none-eabi/lib/thumb/v7e-m+fp/hard\libc_nano.a(libc_a-vsnprintf.o)
 .ARM.attributes
                0x0000058b       0x34 c:/Users/Konrad/AppData/Roaming/Code/User/globalStorage/bmd.stm32-for-vscode/@xpack-dev-tools/arm-none-eabi-gcc/13.2.1-1.1.1/.content/bin/../lib/gcc/arm-none-eabi/13.2.1/../../../../arm-none-eabi/lib/thumb/v7e-m+fp/hard\libc_nano.a(libc_a-memset.o)
 .ARM.attributes
                0x000005bf       0x34 c:/Users/Konrad/AppData/Roaming/Code/User/globalStorage/bmd.stm32-for-vscode/@xpack-dev-tools/arm-none-eabi-gcc/13.2.1-1.1.1/.content/bin/../lib/gcc/arm-none-eabi/13.2.1/../../../../arm-none-eabi/lib/thumb/v7e-m+fp/hard\libc_nano.a(libc_a-reent.o)
 .ARM.attributes
                0x000005f3       0x34 c:/Users/Konrad/AppData/Roaming/Code/User/globalStorage/bmd.stm32-for-vscode/@xpack-dev-tools/arm-none-eabi-gcc/13.2.1-1.1.1/.content/bin/../lib/gcc/arm-none-eabi/13.2.1/../../../../arm-none-eabi/lib/thumb/v7e-m+fp/hard\libc_nano.a(libc_a-impure.o)
 .ARM.attributes
                0x00000627       0x34 c:/Users/Konrad/AppData/Roaming/Code/User/globalStorage/bmd.stm32-for-vscode/@xpack-dev-tools/arm-none-eabi-gcc/13.2.1-1.1.1/.content/bin/../lib/gcc/arm-none-eabi/13.2.1/../../../../arm-none-eabi/lib/thumb/v7e-m+fp/hard\libc_nano.a(libc_a-errno.o)
 .ARM.attributes
                0x0000065b       0x34 c:/Users/Konrad/AppData/Roaming/Code/User/globalStorage/bmd.stm32-for-vscode/@xpack-dev-tools/arm-none-eabi-gcc/13.2.1-1.1.1/.content/bin/../lib/gcc/arm-none-eabi/13.2.1/../../../../arm-none-eabi/lib/thumb/v7e-m+fp/hard\libc_nano.a(libc_a-init.o)
 .ARM.attributes
                0x0000068f       0x34 c:/Users/Konrad/AppData/Roaming/Code/User/globalStorage/bmd.stm32-for-vscode/@xpack-dev-tools/arm-none-eabi-gcc/13.2.1-1.1.1/.content/bin/../lib/gcc/arm-none-eabi/13.2.1/../../../../arm-none-eabi/lib/thumb/v7e-m+fp/hard\libc_nano.a(libc_a-lock.o)
 .ARM.attributes
                0x000006c3       0x34 c:/Users/Konrad/AppData/Roaming/Code/User/globalStorage/bmd.stm32-for-vscode/@xpack-dev-tools/arm-none-eabi-gcc/13.2.1-1.1.1/.content/bin/../lib/gcc/arm-none-eabi/13.2.1/../../../../arm-none-eabi/lib/thumb/v7e-m+fp/hard\libc_nano.a(libc_a-freer.o)
 .ARM.attributes
                0x000006f7       0x34 c:/Users/Konrad/AppData/Roaming/Code/User/globalStorage/bmd.stm32-for-vscode/@xpack-dev-tools/arm-none-eabi-gcc/13.2.1-1.1.1/.content/bin/../lib/gcc/arm-none-eabi/13.2.1/../../../../arm-none-eabi/lib/thumb/v7e-m+fp/hard\libc_nano.a(libc_a-mallocr.o)
 .ARM.attributes
                0x0000072b       0x34 c:/Users/Konrad/AppData/Roaming/Code/User/globalStorage/bmd.stm32-for-vscode/@xpack-dev-tools/arm-none-eabi-gcc/13.2.1-1.1.1/.content/bin/../lib/gcc/arm-none-eabi/13.2.1/../../../../arm-none-eabi/lib/thumb/v7e-m+fp/hard\libc_nano.a(libc_a-mlock.o)
 .ARM.attributes
                0x0000075f       0x34 c:/Users/Konrad/AppData/Roaming/Code/User/globalStorage/bmd.stm32-for-vscode/@xpack-dev-tools/arm-none-eabi-gcc/13.2.1-1.1.1/.content/bin/../lib/gcc/arm-none-eabi/13.2.1/../../../../arm-none-eabi/lib/thumb/v7e-m+fp/hard\libc_nano.a(libc_a-nano-svfprintf.o)
 .ARM.attributes
                0x00000793       0x34 c:/Users/Konrad/AppData/Roaming/Code/User/globalStorage/bmd.stm32-for-vscode/@xpack-dev-tools/arm-none-eabi-gcc/13.2.1-1.1.1/.content/bin/../lib/gcc/arm-none-eabi/13.2.1/../../../../arm-none-eabi/lib/thumb/v7e-m+fp/hard\libc_nano.a(libc_a-nano-vfprintf_i.o)
 .ARM.attributes
                0x000007c7       0x34 c:/Users/Konrad/AppData/Roaming/Code/User/globalStorage/bmd.stm32-for-vscode/@xpack-dev-tools/arm-none-eabi-gcc/13.2.1-1.1.1/.content/bin/../lib/gcc/arm-none-eabi/13.2.1/../../../../arm-none-eabi/lib/thumb/v7e-m+fp/hard\libc_nano.a(libc_a-memmove.o)
 .ARM.attributes
                0x000007fb       0x34 c:/Users/Konrad/AppData/Roaming/Code/User/globalStorage/bmd.stm32-for-vscode/@xpack-dev-tools/arm-none-eabi-gcc/13.2.1-1.1.1/.content/bin/../lib/gcc/arm-none-eabi/13.2.1/../../../../arm-none-eabi/lib/thumb/v7e-m+fp/hard\libc_nano.a(libc_a-sbrkr.o)
 .ARM.attributes
                0x0000082f       0x1c c:/Users/Konrad/AppData/Roaming/Code/User/globalStorage/bmd.stm32-for-vscode/@xpack-dev-tools/arm-none-eabi-gcc/13.2.1-1.1.1/.content/bin/../lib/gcc/arm-none-eabi/13.2.1/../../../../arm-none-eabi/lib/thumb/v7e-m+fp/hard\libc_nano.a(libc_a-memchr.o)
 .ARM.attributes
                0x0000084b       0x34 c:/Users/Konrad/AppData/Roaming/Code/User/globalStorage/bmd.stm32-for-vscode/@xpack-dev-tools/arm-none-eabi-gcc/13.2.1-1.1.1/.content/bin/../lib/gcc/arm-none-eabi/13.2.1/../../../../arm-none-eabi/lib/thumb/v7e-m+fp/hard\libc_nano.a(libc_a-memcpy-stub.o)
 .ARM.attributes
                0x0000087f       0x34 c:/Users/Konrad/AppData/Roaming/Code/User/globalStorage/bmd.stm32-for-vscode/@xpack-dev-tools/arm-none-eabi-gcc/13.2.1-1.1.1/.content/bin/../lib/gcc/arm-none-eabi/13.2.1/../../../../arm-none-eabi/lib/thumb/v7e-m+fp/hard\libc_nano.a(libc_a-reallocr.o)
 .ARM.attributes
                0x000008b3       0x34 c:/Users/Konrad/AppData/Roaming/Code/User/globalStorage/bmd.stm32-for-vscode/@xpack-dev-tools/arm-none-eabi-gcc/13.2.1-1.1.1/.content/bin/../lib/gcc/arm-none-eabi/13.2.1/../../../../arm-none-eabi/lib/thumb/v7e-m+fp/hard\libc_nano.a(libc_a-msizer.o)
 .ARM.attributes
                0x000008e7       0x22 c:/Users/Konrad/AppData/Roaming/Code/User/globalStorage/bmd.stm32-for-vscode/@xpack-dev-tools/arm-none-eabi-gcc/13.2.1-1.1.1/.content/bin/../lib/gcc/arm-none-eabi/13.2.1/thumb/v7e-m+fp/hard\libgcc.a(_aeabi_uldivmod.o)
 .ARM.attributes
                0x00000909       0x34 c:/Users/Konrad/AppData/Roaming/Code/User/globalStorage/bmd.stm32-for-vscode/@xpack-dev-tools/arm-none-eabi-gcc/13.2.1-1.1.1/.content/bin/../lib/gcc/arm-none-eabi/13.2.1/thumb/v7e-m+fp/hard\libgcc.a(_udivmoddi4.o)
 .ARM.attributes
                0x0000093d       0x22 c:/Users/Konrad/AppData/Roaming/Code/User/globalStorage/bmd.stm32-for-vscode/@xpack-dev-tools/arm-none-eabi-gcc/13.2.1-1.1.1/.content/bin/../lib/gcc/arm-none-eabi/13.2.1/thumb/v7e-m+fp/hard\libgcc.a(_dvmd_tls.o)
 .ARM.attributes
                0x0000095f       0x22 c:/Users/Konrad/AppData/Roaming/Code/User/globalStorage/bmd.stm32-for-vscode/@xpack-dev-tools/arm-none-eabi-gcc/13.2.1-1.1.1/.content/bin/../lib/gcc/arm-none-eabi/13.2.1/thumb/v7e-m+fp/hard/crtn.o
OUTPUT(build/AudioSpectrumAnalyzer.elf elf32-littlearm)
LOAD linker stubs
LOAD c:/Users/Konrad/AppData/Roaming/Code/User/globalStorage/bmd.stm32-for-vscode/@xpack-dev-tools/arm-none-eabi-gcc/13.2.1-1.1.1/.content/bin/../lib/gcc/arm-none-eabi/13.2.1/../../../../arm-none-eabi/lib/thumb/v7e-m+fp/hard\libc.a
LOAD c:/Users/Konrad/AppData/Roaming/Code/User/globalStorage/bmd.stm32-for-vscode/@xpack-dev-tools/arm-none-eabi-gcc/13.2.1-1.1.1/.content/bin/../lib/gcc/arm-none-eabi/13.2.1/../../../../arm-none-eabi/lib/thumb/v7e-m+fp/hard\libm.a
LOAD c:/Users/Konrad/AppData/Roaming/Code/User/globalStorage/bmd.stm32-for-vscode/@xpack-dev-tools/arm-none-eabi-gcc/13.2.1-1.1.1/.content/bin/../lib/gcc/arm-none-eabi/13.2.1/thumb/v7e-m+fp/hard\libgcc.a

.comment        0x00000000       0x39
 .comment       0x00000000       0x39 c:/Users/Konrad/AppData/Roaming/Code/User/globalStorage/bmd.stm32-for-vscode/@xpack-dev-tools/arm-none-eabi-gcc/13.2.1-1.1.1/.content/bin/../lib/gcc/arm-none-eabi/13.2.1/thumb/v7e-m+fp/hard/crtbegin.o
                                 0x3a (size before relaxing)
 .comment       0x00000039       0x3a build/adc.o
 .comment       0x00000039       0x3a build/clean_main.o
 .comment       0x00000039       0x3a build/dma.o
 .comment       0x00000039       0x3a build/enc_disp.o
 .comment       0x00000039       0x3a build/gpio.o
 .comment       0x00000039       0x3a build/main.o
 .comment       0x00000039       0x3a build/spi.o
 .comment       0x00000039       0x3a build/stm32f4xx_hal_msp.o
 .comment       0x00000039       0x3a build/stm32f4xx_it.o
 .comment       0x00000039       0x3a build/sysmem.o
 .comment       0x00000039       0x3a build/system_stm32f4xx.o
 .comment       0x00000039       0x3a build/tim.o
 .comment       0x00000039       0x3a build/usart.o
 .comment       0x00000039       0x3a build/stm32f4xx_hal.o
 .comment       0x00000039       0x3a build/stm32f4xx_hal_adc.o
 .comment       0x00000039       0x3a build/stm32f4xx_hal_cortex.o
 .comment       0x00000039       0x3a build/stm32f4xx_hal_dma.o
 .comment       0x00000039       0x3a build/stm32f4xx_hal_gpio.o
 .comment       0x00000039       0x3a build/stm32f4xx_hal_rcc.o
 .comment       0x00000039       0x3a build/stm32f4xx_hal_spi.o
 .comment       0x00000039       0x3a build/stm32f4xx_hal_tim.o
 .comment       0x00000039       0x3a build/stm32f4xx_hal_tim_ex.o
 .comment       0x00000039       0x3a build/stm32f4xx_hal_uart.o
 .comment       0x00000039       0x3a c:/Users/Konrad/AppData/Roaming/Code/User/globalStorage/bmd.stm32-for-vscode/@xpack-dev-tools/arm-none-eabi-gcc/13.2.1-1.1.1/.content/bin/../lib/gcc/arm-none-eabi/13.2.1/../../../../arm-none-eabi/lib/thumb/v7e-m+fp/hard\libc_nano.a(libc_a-findfp.o)
 .comment       0x00000039       0x3a c:/Users/Konrad/AppData/Roaming/Code/User/globalStorage/bmd.stm32-for-vscode/@xpack-dev-tools/arm-none-eabi-gcc/13.2.1-1.1.1/.content/bin/../lib/gcc/arm-none-eabi/13.2.1/../../../../arm-none-eabi/lib/thumb/v7e-m+fp/hard\libc_nano.a(libc_a-vsnprintf.o)
 .comment       0x00000039       0x3a c:/Users/Konrad/AppData/Roaming/Code/User/globalStorage/bmd.stm32-for-vscode/@xpack-dev-tools/arm-none-eabi-gcc/13.2.1-1.1.1/.content/bin/../lib/gcc/arm-none-eabi/13.2.1/../../../../arm-none-eabi/lib/thumb/v7e-m+fp/hard\libc_nano.a(libc_a-memset.o)
 .comment       0x00000039       0x3a c:/Users/Konrad/AppData/Roaming/Code/User/globalStorage/bmd.stm32-for-vscode/@xpack-dev-tools/arm-none-eabi-gcc/13.2.1-1.1.1/.content/bin/../lib/gcc/arm-none-eabi/13.2.1/../../../../arm-none-eabi/lib/thumb/v7e-m+fp/hard\libc_nano.a(libc_a-reent.o)
 .comment       0x00000039       0x3a c:/Users/Konrad/AppData/Roaming/Code/User/globalStorage/bmd.stm32-for-vscode/@xpack-dev-tools/arm-none-eabi-gcc/13.2.1-1.1.1/.content/bin/../lib/gcc/arm-none-eabi/13.2.1/../../../../arm-none-eabi/lib/thumb/v7e-m+fp/hard\libc_nano.a(libc_a-impure.o)
 .comment       0x00000039       0x3a c:/Users/Konrad/AppData/Roaming/Code/User/globalStorage/bmd.stm32-for-vscode/@xpack-dev-tools/arm-none-eabi-gcc/13.2.1-1.1.1/.content/bin/../lib/gcc/arm-none-eabi/13.2.1/../../../../arm-none-eabi/lib/thumb/v7e-m+fp/hard\libc_nano.a(libc_a-errno.o)
 .comment       0x00000039       0x3a c:/Users/Konrad/AppData/Roaming/Code/User/globalStorage/bmd.stm32-for-vscode/@xpack-dev-tools/arm-none-eabi-gcc/13.2.1-1.1.1/.content/bin/../lib/gcc/arm-none-eabi/13.2.1/../../../../arm-none-eabi/lib/thumb/v7e-m+fp/hard\libc_nano.a(libc_a-init.o)
 .comment       0x00000039       0x3a c:/Users/Konrad/AppData/Roaming/Code/User/globalStorage/bmd.stm32-for-vscode/@xpack-dev-tools/arm-none-eabi-gcc/13.2.1-1.1.1/.content/bin/../lib/gcc/arm-none-eabi/13.2.1/../../../../arm-none-eabi/lib/thumb/v7e-m+fp/hard\libc_nano.a(libc_a-lock.o)
 .comment       0x00000039       0x3a c:/Users/Konrad/AppData/Roaming/Code/User/globalStorage/bmd.stm32-for-vscode/@xpack-dev-tools/arm-none-eabi-gcc/13.2.1-1.1.1/.content/bin/../lib/gcc/arm-none-eabi/13.2.1/../../../../arm-none-eabi/lib/thumb/v7e-m+fp/hard\libc_nano.a(libc_a-freer.o)
 .comment       0x00000039       0x3a c:/Users/Konrad/AppData/Roaming/Code/User/globalStorage/bmd.stm32-for-vscode/@xpack-dev-tools/arm-none-eabi-gcc/13.2.1-1.1.1/.content/bin/../lib/gcc/arm-none-eabi/13.2.1/../../../../arm-none-eabi/lib/thumb/v7e-m+fp/hard\libc_nano.a(libc_a-mallocr.o)
 .comment       0x00000039       0x3a c:/Users/Konrad/AppData/Roaming/Code/User/globalStorage/bmd.stm32-for-vscode/@xpack-dev-tools/arm-none-eabi-gcc/13.2.1-1.1.1/.content/bin/../lib/gcc/arm-none-eabi/13.2.1/../../../../arm-none-eabi/lib/thumb/v7e-m+fp/hard\libc_nano.a(libc_a-mlock.o)
 .comment       0x00000039       0x3a c:/Users/Konrad/AppData/Roaming/Code/User/globalStorage/bmd.stm32-for-vscode/@xpack-dev-tools/arm-none-eabi-gcc/13.2.1-1.1.1/.content/bin/../lib/gcc/arm-none-eabi/13.2.1/../../../../arm-none-eabi/lib/thumb/v7e-m+fp/hard\libc_nano.a(libc_a-nano-svfprintf.o)
 .comment       0x00000039       0x3a c:/Users/Konrad/AppData/Roaming/Code/User/globalStorage/bmd.stm32-for-vscode/@xpack-dev-tools/arm-none-eabi-gcc/13.2.1-1.1.1/.content/bin/../lib/gcc/arm-none-eabi/13.2.1/../../../../arm-none-eabi/lib/thumb/v7e-m+fp/hard\libc_nano.a(libc_a-nano-vfprintf_i.o)
 .comment       0x00000039       0x3a c:/Users/Konrad/AppData/Roaming/Code/User/globalStorage/bmd.stm32-for-vscode/@xpack-dev-tools/arm-none-eabi-gcc/13.2.1-1.1.1/.content/bin/../lib/gcc/arm-none-eabi/13.2.1/../../../../arm-none-eabi/lib/thumb/v7e-m+fp/hard\libc_nano.a(libc_a-memmove.o)
 .comment       0x00000039       0x3a c:/Users/Konrad/AppData/Roaming/Code/User/globalStorage/bmd.stm32-for-vscode/@xpack-dev-tools/arm-none-eabi-gcc/13.2.1-1.1.1/.content/bin/../lib/gcc/arm-none-eabi/13.2.1/../../../../arm-none-eabi/lib/thumb/v7e-m+fp/hard\libc_nano.a(libc_a-sbrkr.o)
 .comment       0x00000039       0x3a c:/Users/Konrad/AppData/Roaming/Code/User/globalStorage/bmd.stm32-for-vscode/@xpack-dev-tools/arm-none-eabi-gcc/13.2.1-1.1.1/.content/bin/../lib/gcc/arm-none-eabi/13.2.1/../../../../arm-none-eabi/lib/thumb/v7e-m+fp/hard\libc_nano.a(libc_a-memcpy-stub.o)
 .comment       0x00000039       0x3a c:/Users/Konrad/AppData/Roaming/Code/User/globalStorage/bmd.stm32-for-vscode/@xpack-dev-tools/arm-none-eabi-gcc/13.2.1-1.1.1/.content/bin/../lib/gcc/arm-none-eabi/13.2.1/../../../../arm-none-eabi/lib/thumb/v7e-m+fp/hard\libc_nano.a(libc_a-reallocr.o)
 .comment       0x00000039       0x3a c:/Users/Konrad/AppData/Roaming/Code/User/globalStorage/bmd.stm32-for-vscode/@xpack-dev-tools/arm-none-eabi-gcc/13.2.1-1.1.1/.content/bin/../lib/gcc/arm-none-eabi/13.2.1/../../../../arm-none-eabi/lib/thumb/v7e-m+fp/hard\libc_nano.a(libc_a-msizer.o)
 .comment       0x00000039       0x3a c:/Users/Konrad/AppData/Roaming/Code/User/globalStorage/bmd.stm32-for-vscode/@xpack-dev-tools/arm-none-eabi-gcc/13.2.1-1.1.1/.content/bin/../lib/gcc/arm-none-eabi/13.2.1/thumb/v7e-m+fp/hard\libgcc.a(_udivmoddi4.o)

.debug_info     0x00000000    0x16206
 .debug_info    0x00000000      0xade build/adc.o
 .debug_info    0x00000ade      0xe93 build/clean_main.o
 .debug_info    0x00001971      0x473 build/dma.o
 .debug_info    0x00001de4      0xc3c build/enc_disp.o
 .debug_info    0x00002a20      0x4c0 build/gpio.o
 .debug_info    0x00002ee0      0x5d7 build/main.o
 .debug_info    0x000034b7      0x9d3 build/spi.o
 .debug_info    0x00003e8a      0x28d build/stm32f4xx_hal_msp.o
 .debug_info    0x00004117      0x3d7 build/stm32f4xx_it.o
 .debug_info    0x000044ee      0x171 build/sysmem.o
 .debug_info    0x0000465f      0x553 build/system_stm32f4xx.o
 .debug_info    0x00004bb2      0xc1a build/tim.o
 .debug_info    0x000057cc      0x98d build/usart.o
 .debug_info    0x00006159      0x962 build/stm32f4xx_hal.o
 .debug_info    0x00006abb      0xe7f build/stm32f4xx_hal_adc.o
 .debug_info    0x0000793a      0xf19 build/stm32f4xx_hal_cortex.o
 .debug_info    0x00008853      0xad8 build/stm32f4xx_hal_dma.o
 .debug_info    0x0000932b      0x73a build/stm32f4xx_hal_gpio.o
 .debug_info    0x00009a65      0xab0 build/stm32f4xx_hal_rcc.o
 .debug_info    0x0000a515     0x1db7 build/stm32f4xx_hal_spi.o
 .debug_info    0x0000c2cc     0x3bd2 build/stm32f4xx_hal_tim.o
 .debug_info    0x0000fe9e     0x1ab8 build/stm32f4xx_hal_tim_ex.o
 .debug_info    0x00011956     0x411d build/stm32f4xx_hal_uart.o
 .debug_info    0x00015a73       0x30 build/startup_stm32f411xe.o
 .debug_info    0x00015aa3       0x24 c:/Users/Konrad/AppData/Roaming/Code/User/globalStorage/bmd.stm32-for-vscode/@xpack-dev-tools/arm-none-eabi-gcc/13.2.1-1.1.1/.content/bin/../lib/gcc/arm-none-eabi/13.2.1/thumb/v7e-m+fp/hard\libgcc.a(_aeabi_uldivmod.o)
 .debug_info    0x00015ac7      0x703 c:/Users/Konrad/AppData/Roaming/Code/User/globalStorage/bmd.stm32-for-vscode/@xpack-dev-tools/arm-none-eabi-gcc/13.2.1-1.1.1/.content/bin/../lib/gcc/arm-none-eabi/13.2.1/thumb/v7e-m+fp/hard\libgcc.a(_udivmoddi4.o)
 .debug_info    0x000161ca       0x3c c:/Users/Konrad/AppData/Roaming/Code/User/globalStorage/bmd.stm32-for-vscode/@xpack-dev-tools/arm-none-eabi-gcc/13.2.1-1.1.1/.content/bin/../lib/gcc/arm-none-eabi/13.2.1/thumb/v7e-m+fp/hard\libgcc.a(_dvmd_tls.o)

.debug_abbrev   0x00000000     0x322e
 .debug_abbrev  0x00000000      0x219 build/adc.o
 .debug_abbrev  0x00000219      0x2a7 build/clean_main.o
 .debug_abbrev  0x000004c0      0x12b build/dma.o
 .debug_abbrev  0x000005eb      0x283 build/enc_disp.o
 .debug_abbrev  0x0000086e      0x163 build/gpio.o
 .debug_abbrev  0x000009d1      0x202 build/main.o
 .debug_abbrev  0x00000bd3      0x20f build/spi.o
 .debug_abbrev  0x00000de2       0xd6 build/stm32f4xx_hal_msp.o
 .debug_abbrev  0x00000eb8      0x141 build/stm32f4xx_it.o
 .debug_abbrev  0x00000ff9       0xea build/sysmem.o
 .debug_abbrev  0x000010e3      0x11e build/system_stm32f4xx.o
 .debug_abbrev  0x00001201      0x21a build/tim.o
 .debug_abbrev  0x0000141b      0x216 build/usart.o
 .debug_abbrev  0x00001631      0x277 build/stm32f4xx_hal.o
 .debug_abbrev  0x000018a8      0x234 build/stm32f4xx_hal_adc.o
 .debug_abbrev  0x00001adc      0x39b build/stm32f4xx_hal_cortex.o
 .debug_abbrev  0x00001e77      0x27d build/stm32f4xx_hal_dma.o
 .debug_abbrev  0x000020f4      0x201 build/stm32f4xx_hal_gpio.o
 .debug_abbrev  0x000022f5      0x2c5 build/stm32f4xx_hal_rcc.o
 .debug_abbrev  0x000025ba      0x278 build/stm32f4xx_hal_spi.o
 .debug_abbrev  0x00002832      0x27d build/stm32f4xx_hal_tim.o
 .debug_abbrev  0x00002aaf      0x27b build/stm32f4xx_hal_tim_ex.o
 .debug_abbrev  0x00002d2a      0x33c build/stm32f4xx_hal_uart.o
 .debug_abbrev  0x00003066       0x24 build/startup_stm32f411xe.o
 .debug_abbrev  0x0000308a       0x14 c:/Users/Konrad/AppData/Roaming/Code/User/globalStorage/bmd.stm32-for-vscode/@xpack-dev-tools/arm-none-eabi-gcc/13.2.1-1.1.1/.content/bin/../lib/gcc/arm-none-eabi/13.2.1/thumb/v7e-m+fp/hard\libgcc.a(_aeabi_uldivmod.o)
 .debug_abbrev  0x0000309e      0x16a c:/Users/Konrad/AppData/Roaming/Code/User/globalStorage/bmd.stm32-for-vscode/@xpack-dev-tools/arm-none-eabi-gcc/13.2.1-1.1.1/.content/bin/../lib/gcc/arm-none-eabi/13.2.1/thumb/v7e-m+fp/hard\libgcc.a(_udivmoddi4.o)
 .debug_abbrev  0x00003208       0x26 c:/Users/Konrad/AppData/Roaming/Code/User/globalStorage/bmd.stm32-for-vscode/@xpack-dev-tools/arm-none-eabi-gcc/13.2.1-1.1.1/.content/bin/../lib/gcc/arm-none-eabi/13.2.1/thumb/v7e-m+fp/hard\libgcc.a(_dvmd_tls.o)

.debug_loclists
                0x00000000     0xbcd5
 .debug_loclists
                0x00000000       0x5c build/adc.o
 .debug_loclists
                0x0000005c       0x45 build/clean_main.o
 .debug_loclists
                0x000000a1       0x8f build/enc_disp.o
 .debug_loclists
                0x00000130       0x74 build/spi.o
 .debug_loclists
                0x000001a4       0x52 build/sysmem.o
 .debug_loclists
                0x000001f6       0xfa build/system_stm32f4xx.o
 .debug_loclists
                0x000002f0       0x74 build/tim.o
 .debug_loclists
                0x00000364       0x74 build/usart.o
 .debug_loclists
                0x000003d8       0xe1 build/stm32f4xx_hal.o
 .debug_loclists
                0x000004b9      0x8af build/stm32f4xx_hal_adc.o
 .debug_loclists
                0x00000d68      0x54d build/stm32f4xx_hal_cortex.o
 .debug_loclists
                0x000012b5      0x88a build/stm32f4xx_hal_dma.o
 .debug_loclists
                0x00001b3f      0x386 build/stm32f4xx_hal_gpio.o
 .debug_loclists
                0x00001ec5      0x3e5 build/stm32f4xx_hal_rcc.o
 .debug_loclists
                0x000022aa     0x166b build/stm32f4xx_hal_spi.o
 .debug_loclists
                0x00003915     0x37bd build/stm32f4xx_hal_tim.o
 .debug_loclists
                0x000070d2     0x1391 build/stm32f4xx_hal_tim_ex.o
 .debug_loclists
                0x00008463     0x2e5d build/stm32f4xx_hal_uart.o
 .debug_loclists
                0x0000b2c0      0xa15 c:/Users/Konrad/AppData/Roaming/Code/User/globalStorage/bmd.stm32-for-vscode/@xpack-dev-tools/arm-none-eabi-gcc/13.2.1-1.1.1/.content/bin/../lib/gcc/arm-none-eabi/13.2.1/thumb/v7e-m+fp/hard\libgcc.a(_udivmoddi4.o)

.debug_aranges  0x00000000     0x1038
 .debug_aranges
                0x00000000       0x30 build/adc.o
 .debug_aranges
                0x00000030       0x50 build/clean_main.o
 .debug_aranges
                0x00000080       0x20 build/dma.o
 .debug_aranges
                0x000000a0       0x38 build/enc_disp.o
 .debug_aranges
                0x000000d8       0x20 build/gpio.o
 .debug_aranges
                0x000000f8       0x30 build/main.o
 .debug_aranges
                0x00000128       0x30 build/spi.o
 .debug_aranges
                0x00000158       0x20 build/stm32f4xx_hal_msp.o
 .debug_aranges
                0x00000178       0x68 build/stm32f4xx_it.o
 .debug_aranges
                0x000001e0       0x20 build/sysmem.o
 .debug_aranges
                0x00000200       0x28 build/system_stm32f4xx.o
 .debug_aranges
                0x00000228       0x30 build/tim.o
 .debug_aranges
                0x00000258       0x30 build/usart.o
 .debug_aranges
                0x00000288       0xf0 build/stm32f4xx_hal.o
 .debug_aranges
                0x00000378       0xe8 build/stm32f4xx_hal_adc.o
 .debug_aranges
                0x00000460       0xd8 build/stm32f4xx_hal_cortex.o
 .debug_aranges
                0x00000538       0x90 build/stm32f4xx_hal_dma.o
 .debug_aranges
                0x000005c8       0x58 build/stm32f4xx_hal_gpio.o
 .debug_aranges
                0x00000620       0x88 build/stm32f4xx_hal_rcc.o
 .debug_aranges
                0x000006a8      0x1d0 build/stm32f4xx_hal_spi.o
 .debug_aranges
                0x00000878      0x3d0 build/stm32f4xx_hal_tim.o
 .debug_aranges
                0x00000c48      0x168 build/stm32f4xx_hal_tim_ex.o
 .debug_aranges
                0x00000db0      0x200 build/stm32f4xx_hal_uart.o
 .debug_aranges
                0x00000fb0       0x28 build/startup_stm32f411xe.o
 .debug_aranges
                0x00000fd8       0x20 c:/Users/Konrad/AppData/Roaming/Code/User/globalStorage/bmd.stm32-for-vscode/@xpack-dev-tools/arm-none-eabi-gcc/13.2.1-1.1.1/.content/bin/../lib/gcc/arm-none-eabi/13.2.1/thumb/v7e-m+fp/hard\libgcc.a(_aeabi_uldivmod.o)
 .debug_aranges
                0x00000ff8       0x20 c:/Users/Konrad/AppData/Roaming/Code/User/globalStorage/bmd.stm32-for-vscode/@xpack-dev-tools/arm-none-eabi-gcc/13.2.1-1.1.1/.content/bin/../lib/gcc/arm-none-eabi/13.2.1/thumb/v7e-m+fp/hard\libgcc.a(_udivmoddi4.o)
 .debug_aranges
                0x00001018       0x20 c:/Users/Konrad/AppData/Roaming/Code/User/globalStorage/bmd.stm32-for-vscode/@xpack-dev-tools/arm-none-eabi-gcc/13.2.1-1.1.1/.content/bin/../lib/gcc/arm-none-eabi/13.2.1/thumb/v7e-m+fp/hard\libgcc.a(_dvmd_tls.o)

.debug_rnglists
                0x00000000      0xca1
 .debug_rnglists
                0x00000000       0x21 build/adc.o
 .debug_rnglists
                0x00000021       0x43 build/clean_main.o
 .debug_rnglists
                0x00000064       0x13 build/dma.o
 .debug_rnglists
                0x00000077       0x25 build/enc_disp.o
 .debug_rnglists
                0x0000009c       0x14 build/gpio.o
 .debug_rnglists
                0x000000b0       0x20 build/main.o
 .debug_rnglists
                0x000000d0       0x1f build/spi.o
 .debug_rnglists
                0x000000ef       0x13 build/stm32f4xx_hal_msp.o
 .debug_rnglists
                0x00000102       0x49 build/stm32f4xx_it.o
 .debug_rnglists
                0x0000014b       0x13 build/sysmem.o
 .debug_rnglists
                0x0000015e       0x1a build/system_stm32f4xx.o
 .debug_rnglists
                0x00000178       0x1f build/tim.o
 .debug_rnglists
                0x00000197       0x1f build/usart.o
 .debug_rnglists
                0x000001b6       0xaf build/stm32f4xx_hal.o
 .debug_rnglists
                0x00000265       0xb0 build/stm32f4xx_hal_adc.o
 .debug_rnglists
                0x00000315       0x9d build/stm32f4xx_hal_cortex.o
 .debug_rnglists
                0x000003b2       0x6c build/stm32f4xx_hal_dma.o
 .debug_rnglists
                0x0000041e       0x3f build/stm32f4xx_hal_gpio.o
 .debug_rnglists
                0x0000045d       0x75 build/stm32f4xx_hal_rcc.o
 .debug_rnglists
                0x000004d2      0x169 build/stm32f4xx_hal_spi.o
 .debug_rnglists
                0x0000063b      0x2ff build/stm32f4xx_hal_tim.o
 .debug_rnglists
                0x0000093a      0x11a build/stm32f4xx_hal_tim_ex.o
 .debug_rnglists
                0x00000a54      0x19b build/stm32f4xx_hal_uart.o
 .debug_rnglists
                0x00000bef       0x19 build/startup_stm32f411xe.o
 .debug_rnglists
                0x00000c08       0x99 c:/Users/Konrad/AppData/Roaming/Code/User/globalStorage/bmd.stm32-for-vscode/@xpack-dev-tools/arm-none-eabi-gcc/13.2.1-1.1.1/.content/bin/../lib/gcc/arm-none-eabi/13.2.1/thumb/v7e-m+fp/hard\libgcc.a(_udivmoddi4.o)

.debug_line     0x00000000    0x1320e
 .debug_line    0x00000000      0x449 build/adc.o
 .debug_line    0x00000449      0x478 build/clean_main.o
 .debug_line    0x000008c1      0x229 build/dma.o
 .debug_line    0x00000aea      0x569 build/enc_disp.o
 .debug_line    0x00001053      0x29d build/gpio.o
 .debug_line    0x000012f0      0x3e0 build/main.o
 .debug_line    0x000016d0      0x38a build/spi.o
 .debug_line    0x00001a5a      0x201 build/stm32f4xx_hal_msp.o
 .debug_line    0x00001c5b      0x322 build/stm32f4xx_it.o
 .debug_line    0x00001f7d      0x2bf build/sysmem.o
 .debug_line    0x0000223c      0x2f8 build/system_stm32f4xx.o
 .debug_line    0x00002534      0x3cf build/tim.o
 .debug_line    0x00002903      0x36f build/usart.o
 .debug_line    0x00002c72      0x611 build/stm32f4xx_hal.o
 .debug_line    0x00003283     0x1085 build/stm32f4xx_hal_adc.o
 .debug_line    0x00004308      0x892 build/stm32f4xx_hal_cortex.o
 .debug_line    0x00004b9a      0xedd build/stm32f4xx_hal_dma.o
 .debug_line    0x00005a77      0x763 build/stm32f4xx_hal_gpio.o
 .debug_line    0x000061da      0xc2e build/stm32f4xx_hal_rcc.o
 .debug_line    0x00006e08     0x24f6 build/stm32f4xx_hal_spi.o
 .debug_line    0x000092fe     0x46e3 build/stm32f4xx_hal_tim.o
 .debug_line    0x0000d9e1     0x1b13 build/stm32f4xx_hal_tim_ex.o
 .debug_line    0x0000f4f4     0x3659 build/stm32f4xx_hal_uart.o
 .debug_line    0x00012b4d       0x76 build/startup_stm32f411xe.o
 .debug_line    0x00012bc3       0x4e c:/Users/Konrad/AppData/Roaming/Code/User/globalStorage/bmd.stm32-for-vscode/@xpack-dev-tools/arm-none-eabi-gcc/13.2.1-1.1.1/.content/bin/../lib/gcc/arm-none-eabi/13.2.1/thumb/v7e-m+fp/hard\libgcc.a(_aeabi_uldivmod.o)
 .debug_line    0x00012c11      0x5b3 c:/Users/Konrad/AppData/Roaming/Code/User/globalStorage/bmd.stm32-for-vscode/@xpack-dev-tools/arm-none-eabi-gcc/13.2.1-1.1.1/.content/bin/../lib/gcc/arm-none-eabi/13.2.1/thumb/v7e-m+fp/hard\libgcc.a(_udivmoddi4.o)
 .debug_line    0x000131c4       0x4a c:/Users/Konrad/AppData/Roaming/Code/User/globalStorage/bmd.stm32-for-vscode/@xpack-dev-tools/arm-none-eabi-gcc/13.2.1-1.1.1/.content/bin/../lib/gcc/arm-none-eabi/13.2.1/thumb/v7e-m+fp/hard\libgcc.a(_dvmd_tls.o)

.debug_str      0x00000000     0x4ec4
 .debug_str     0x00000000     0x4ec4 build/adc.o
                                0x820 (size before relaxing)
 .debug_str     0x00004ec4      0xa28 build/clean_main.o
 .debug_str     0x00004ec4      0x682 build/dma.o
 .debug_str     0x00004ec4      0xa59 build/enc_disp.o
 .debug_str     0x00004ec4      0x387 build/gpio.o
 .debug_str     0x00004ec4      0x4f8 build/main.o
 .debug_str     0x00004ec4      0x814 build/spi.o
 .debug_str     0x00004ec4      0x2c8 build/stm32f4xx_hal_msp.o
 .debug_str     0x00004ec4      0x4bf build/stm32f4xx_it.o
 .debug_str     0x00004ec4      0x220 build/sysmem.o
 .debug_str     0x00004ec4      0x382 build/system_stm32f4xx.o
 .debug_str     0x00004ec4      0xa41 build/tim.o
 .debug_str     0x00004ec4      0x81b build/usart.o
 .debug_str     0x00004ec4      0xa19 build/stm32f4xx_hal.o
 .debug_str     0x00004ec4      0x95d build/stm32f4xx_hal_adc.o
 .debug_str     0x00004ec4      0xacf build/stm32f4xx_hal_cortex.o
 .debug_str     0x00004ec4      0x771 build/stm32f4xx_hal_dma.o
 .debug_str     0x00004ec4      0x4ed build/stm32f4xx_hal_gpio.o
 .debug_str     0x00004ec4      0x713 build/stm32f4xx_hal_rcc.o
 .debug_str     0x00004ec4      0xbf5 build/stm32f4xx_hal_spi.o
 .debug_str     0x00004ec4     0x16ea build/stm32f4xx_hal_tim.o
 .debug_str     0x00004ec4      0xf06 build/stm32f4xx_hal_tim_ex.o
 .debug_str     0x00004ec4      0xd54 build/stm32f4xx_hal_uart.o
 .debug_str     0x00004ec4       0x79 build/startup_stm32f411xe.o
 .debug_str     0x00004ec4      0x120 c:/Users/Konrad/AppData/Roaming/Code/User/globalStorage/bmd.stm32-for-vscode/@xpack-dev-tools/arm-none-eabi-gcc/13.2.1-1.1.1/.content/bin/../lib/gcc/arm-none-eabi/13.2.1/thumb/v7e-m+fp/hard\libgcc.a(_aeabi_uldivmod.o)
 .debug_str     0x00004ec4      0x739 c:/Users/Konrad/AppData/Roaming/Code/User/globalStorage/bmd.stm32-for-vscode/@xpack-dev-tools/arm-none-eabi-gcc/13.2.1-1.1.1/.content/bin/../lib/gcc/arm-none-eabi/13.2.1/thumb/v7e-m+fp/hard\libgcc.a(_udivmoddi4.o)
 .debug_str     0x00004ec4      0x140 c:/Users/Konrad/AppData/Roaming/Code/User/globalStorage/bmd.stm32-for-vscode/@xpack-dev-tools/arm-none-eabi-gcc/13.2.1-1.1.1/.content/bin/../lib/gcc/arm-none-eabi/13.2.1/thumb/v7e-m+fp/hard\libgcc.a(_dvmd_tls.o)

.debug_frame    0x00000000     0x29d4
 .debug_frame   0x00000000       0x6c build/adc.o
 .debug_frame   0x0000006c       0xc0 build/clean_main.o
 .debug_frame   0x0000012c       0x2c build/dma.o
 .debug_frame   0x00000158       0xa0 build/enc_disp.o
 .debug_frame   0x000001f8       0x34 build/gpio.o
 .debug_frame   0x0000022c       0x58 build/main.o
 .debug_frame   0x00000284       0x60 build/spi.o
 .debug_frame   0x000002e4       0x28 build/stm32f4xx_hal_msp.o
 .debug_frame   0x0000030c       0xc0 build/stm32f4xx_it.o
 .debug_frame   0x000003cc       0x28 build/sysmem.o
 .debug_frame   0x000003f4       0x30 build/system_stm32f4xx.o
 .debug_frame   0x00000424       0x68 build/tim.o
 .debug_frame   0x0000048c       0x60 build/usart.o
 .debug_frame   0x000004ec      0x1ec build/stm32f4xx_hal.o
 .debug_frame   0x000006d8      0x268 build/stm32f4xx_hal_adc.o
 .debug_frame   0x00000940      0x1cc build/stm32f4xx_hal_cortex.o
 .debug_frame   0x00000b0c      0x188 build/stm32f4xx_hal_dma.o
 .debug_frame   0x00000c94       0xd8 build/stm32f4xx_hal_gpio.o
 .debug_frame   0x00000d6c      0x16c build/stm32f4xx_hal_rcc.o
 .debug_frame   0x00000ed8      0x5a4 build/stm32f4xx_hal_spi.o
 .debug_frame   0x0000147c      0xb1c build/stm32f4xx_hal_tim.o
 .debug_frame   0x00001f98      0x418 build/stm32f4xx_hal_tim_ex.o
 .debug_frame   0x000023b0      0x5c4 build/stm32f4xx_hal_uart.o
 .debug_frame   0x00002974       0x2c c:/Users/Konrad/AppData/Roaming/Code/User/globalStorage/bmd.stm32-for-vscode/@xpack-dev-tools/arm-none-eabi-gcc/13.2.1-1.1.1/.content/bin/../lib/gcc/arm-none-eabi/13.2.1/thumb/v7e-m+fp/hard\libgcc.a(_aeabi_uldivmod.o)
 .debug_frame   0x000029a0       0x34 c:/Users/Konrad/AppData/Roaming/Code/User/globalStorage/bmd.stm32-for-vscode/@xpack-dev-tools/arm-none-eabi-gcc/13.2.1-1.1.1/.content/bin/../lib/gcc/arm-none-eabi/13.2.1/thumb/v7e-m+fp/hard\libgcc.a(_udivmoddi4.o)

.debug_line_str
                0x00000000      0x17b
 .debug_line_str
                0x00000000      0x17b build/startup_stm32f411xe.o
                                 0x5d (size before relaxing)
 .debug_line_str
                0x0000017b      0x112 c:/Users/Konrad/AppData/Roaming/Code/User/globalStorage/bmd.stm32-for-vscode/@xpack-dev-tools/arm-none-eabi-gcc/13.2.1-1.1.1/.content/bin/../lib/gcc/arm-none-eabi/13.2.1/thumb/v7e-m+fp/hard\libgcc.a(_aeabi_uldivmod.o)
 .debug_line_str
                0x0000017b      0x116 c:/Users/Konrad/AppData/Roaming/Code/User/globalStorage/bmd.stm32-for-vscode/@xpack-dev-tools/arm-none-eabi-gcc/13.2.1-1.1.1/.content/bin/../lib/gcc/arm-none-eabi/13.2.1/thumb/v7e-m+fp/hard\libgcc.a(_dvmd_tls.o)

Cross Reference Table

Symbol                                            File
ADC_IRQHandler                                    build/startup_stm32f411xe.o
AHBPrescTable                                     build/system_stm32f4xx.o
                                                  build/stm32f4xx_hal_rcc.o
APBPrescTable                                     build/system_stm32f4xx.o
                                                  build/stm32f4xx_hal_rcc.o
BusFault_Handler                                  build/stm32f4xx_it.o
DMA1_Stream0_IRQHandler                           build/startup_stm32f411xe.o
DMA1_Stream1_IRQHandler                           build/startup_stm32f411xe.o
DMA1_Stream2_IRQHandler                           build/startup_stm32f411xe.o
DMA1_Stream3_IRQHandler                           build/startup_stm32f411xe.o
DMA1_Stream4_IRQHandler                           build/startup_stm32f411xe.o
DMA1_Stream5_IRQHandler                           build/startup_stm32f411xe.o
DMA1_Stream6_IRQHandler                           build/startup_stm32f411xe.o
DMA1_Stream7_IRQHandler                           build/startup_stm32f411xe.o
DMA2_Stream0_IRQHandler                           build/stm32f4xx_it.o
DMA2_Stream1_IRQHandler                           build/startup_stm32f411xe.o
DMA2_Stream2_IRQHandler                           build/startup_stm32f411xe.o
DMA2_Stream3_IRQHandler                           build/startup_stm32f411xe.o
DMA2_Stream4_IRQHandler                           build/startup_stm32f411xe.o
DMA2_Stream5_IRQHandler                           build/startup_stm32f411xe.o
DMA2_Stream6_IRQHandler                           build/startup_stm32f411xe.o
DMA2_Stream7_IRQHandler                           build/startup_stm32f411xe.o
DebugMon_Handler                                  build/stm32f4xx_it.o
Default_Handler                                   build/startup_stm32f411xe.o
EXTI0_IRQHandler                                  build/startup_stm32f411xe.o
EXTI15_10_IRQHandler                              build/startup_stm32f411xe.o
EXTI1_IRQHandler                                  build/startup_stm32f411xe.o
EXTI2_IRQHandler                                  build/startup_stm32f411xe.o
EXTI3_IRQHandler                                  build/startup_stm32f411xe.o
EXTI4_IRQHandler                                  build/startup_stm32f411xe.o
EXTI9_5_IRQHandler                                build/startup_stm32f411xe.o
Error_Handler                                     build/main.o
                                                  build/usart.o
                                                  build/tim.o
                                                  build/spi.o
                                                  build/adc.o
FLASH_Erase_Sector                                build/stm32f4xx_hal_flash_ex.o
                                                  build/stm32f4xx_hal_flash.o
FLASH_FlushCaches                                 build/stm32f4xx_hal_flash_ex.o
                                                  build/stm32f4xx_hal_flash.o
FLASH_IRQHandler                                  build/startup_stm32f411xe.o
FLASH_WaitForLastOperation                        build/stm32f4xx_hal_flash.o
                                                  build/stm32f4xx_hal_flash_ex.o
FPU_IRQHandler                                    build/startup_stm32f411xe.o
HAL_ADCEx_InjectedConfigChannel                   build/stm32f4xx_hal_adc_ex.o
HAL_ADCEx_InjectedConvCpltCallback                build/stm32f4xx_hal_adc_ex.o
                                                  build/stm32f4xx_hal_adc.o
HAL_ADCEx_InjectedGetValue                        build/stm32f4xx_hal_adc_ex.o
HAL_ADCEx_InjectedPollForConversion               build/stm32f4xx_hal_adc_ex.o
HAL_ADCEx_InjectedStart                           build/stm32f4xx_hal_adc_ex.o
HAL_ADCEx_InjectedStart_IT                        build/stm32f4xx_hal_adc_ex.o
HAL_ADCEx_InjectedStop                            build/stm32f4xx_hal_adc_ex.o
HAL_ADCEx_InjectedStop_IT                         build/stm32f4xx_hal_adc_ex.o
HAL_ADCEx_MultiModeConfigChannel                  build/stm32f4xx_hal_adc_ex.o
HAL_ADCEx_MultiModeGetValue                       build/stm32f4xx_hal_adc_ex.o
HAL_ADCEx_MultiModeStart_DMA                      build/stm32f4xx_hal_adc_ex.o
HAL_ADCEx_MultiModeStop_DMA                       build/stm32f4xx_hal_adc_ex.o
HAL_ADC_AnalogWDGConfig                           build/stm32f4xx_hal_adc.o
HAL_ADC_ConfigChannel                             build/stm32f4xx_hal_adc.o
                                                  build/adc.o
HAL_ADC_ConvCpltCallback                          build/stm32f4xx_hal_adc.o
                                                  build/stm32f4xx_hal_adc_ex.o
HAL_ADC_ConvHalfCpltCallback                      build/stm32f4xx_hal_adc.o
                                                  build/stm32f4xx_hal_adc_ex.o
HAL_ADC_DeInit                                    build/stm32f4xx_hal_adc.o
HAL_ADC_ErrorCallback                             build/stm32f4xx_hal_adc.o
                                                  build/stm32f4xx_hal_adc_ex.o
HAL_ADC_GetError                                  build/stm32f4xx_hal_adc.o
HAL_ADC_GetState                                  build/stm32f4xx_hal_adc.o
HAL_ADC_GetValue                                  build/stm32f4xx_hal_adc.o
HAL_ADC_IRQHandler                                build/stm32f4xx_hal_adc.o
HAL_ADC_Init                                      build/stm32f4xx_hal_adc.o
                                                  build/adc.o
HAL_ADC_LevelOutOfWindowCallback                  build/stm32f4xx_hal_adc.o
HAL_ADC_MspDeInit                                 build/adc.o
HAL_ADC_MspInit                                   build/adc.o
HAL_ADC_PollForConversion                         build/stm32f4xx_hal_adc.o
HAL_ADC_PollForEvent                              build/stm32f4xx_hal_adc.o
HAL_ADC_Start                                     build/stm32f4xx_hal_adc.o
HAL_ADC_Start_DMA                                 build/stm32f4xx_hal_adc.o
                                                  build/clean_main.o
HAL_ADC_Start_IT                                  build/stm32f4xx_hal_adc.o
HAL_ADC_Stop                                      build/stm32f4xx_hal_adc.o
HAL_ADC_Stop_DMA                                  build/stm32f4xx_hal_adc.o
HAL_ADC_Stop_IT                                   build/stm32f4xx_hal_adc.o
HAL_DBGMCU_DisableDBGSleepMode                    build/stm32f4xx_hal.o
HAL_DBGMCU_DisableDBGStandbyMode                  build/stm32f4xx_hal.o
HAL_DBGMCU_DisableDBGStopMode                     build/stm32f4xx_hal.o
HAL_DBGMCU_EnableDBGSleepMode                     build/stm32f4xx_hal.o
HAL_DBGMCU_EnableDBGStandbyMode                   build/stm32f4xx_hal.o
HAL_DBGMCU_EnableDBGStopMode                      build/stm32f4xx_hal.o
HAL_DMAEx_ChangeMemory                            build/stm32f4xx_hal_dma_ex.o
HAL_DMAEx_MultiBufferStart                        build/stm32f4xx_hal_dma_ex.o
HAL_DMAEx_MultiBufferStart_IT                     build/stm32f4xx_hal_dma_ex.o
HAL_DMA_Abort                                     build/stm32f4xx_hal_dma.o
                                                  build/stm32f4xx_hal_uart.o
                                                  build/stm32f4xx_hal_spi.o
                                                  build/stm32f4xx_hal_adc_ex.o
                                                  build/stm32f4xx_hal_adc.o
HAL_DMA_Abort_IT                                  build/stm32f4xx_hal_dma.o
                                                  build/stm32f4xx_hal_uart.o
                                                  build/stm32f4xx_hal_tim_ex.o
                                                  build/stm32f4xx_hal_tim.o
                                                  build/stm32f4xx_hal_spi.o
HAL_DMA_DeInit                                    build/stm32f4xx_hal_dma.o
                                                  build/adc.o
HAL_DMA_GetError                                  build/stm32f4xx_hal_dma.o
                                                  build/stm32f4xx_hal_uart.o
HAL_DMA_GetState                                  build/stm32f4xx_hal_dma.o
HAL_DMA_IRQHandler                                build/stm32f4xx_hal_dma.o
                                                  build/stm32f4xx_it.o
HAL_DMA_Init                                      build/stm32f4xx_hal_dma.o
                                                  build/adc.o
HAL_DMA_PollForTransfer                           build/stm32f4xx_hal_dma.o
HAL_DMA_RegisterCallback                          build/stm32f4xx_hal_dma.o
HAL_DMA_Start                                     build/stm32f4xx_hal_dma.o
HAL_DMA_Start_IT                                  build/stm32f4xx_hal_dma.o
                                                  build/stm32f4xx_hal_uart.o
                                                  build/stm32f4xx_hal_tim_ex.o
                                                  build/stm32f4xx_hal_tim.o
                                                  build/stm32f4xx_hal_spi.o
                                                  build/stm32f4xx_hal_adc_ex.o
                                                  build/stm32f4xx_hal_adc.o
HAL_DMA_UnRegisterCallback                        build/stm32f4xx_hal_dma.o
HAL_DeInit                                        build/stm32f4xx_hal.o
HAL_Delay                                         build/stm32f4xx_hal.o
                                                  build/dac_driver.o
                                                  build/clean_main.o
HAL_DisableCompensationCell                       build/stm32f4xx_hal.o
HAL_EXTI_ClearConfigLine                          build/stm32f4xx_hal_exti.o
HAL_EXTI_ClearPending                             build/stm32f4xx_hal_exti.o
HAL_EXTI_GenerateSWI                              build/stm32f4xx_hal_exti.o
HAL_EXTI_GetConfigLine                            build/stm32f4xx_hal_exti.o
HAL_EXTI_GetHandle                                build/stm32f4xx_hal_exti.o
HAL_EXTI_GetPending                               build/stm32f4xx_hal_exti.o
HAL_EXTI_IRQHandler                               build/stm32f4xx_hal_exti.o
HAL_EXTI_RegisterCallback                         build/stm32f4xx_hal_exti.o
HAL_EXTI_SetConfigLine                            build/stm32f4xx_hal_exti.o
HAL_EnableCompensationCell                        build/stm32f4xx_hal.o
HAL_FLASHEx_AdvOBGetConfig                        build/stm32f4xx_hal_flash_ex.o
HAL_FLASHEx_AdvOBProgram                          build/stm32f4xx_hal_flash_ex.o
HAL_FLASHEx_DisableFlashSleepMode                 build/stm32f4xx_hal_flash_ramfunc.o
HAL_FLASHEx_EnableFlashSleepMode                  build/stm32f4xx_hal_flash_ramfunc.o
HAL_FLASHEx_Erase                                 build/stm32f4xx_hal_flash_ex.o
HAL_FLASHEx_Erase_IT                              build/stm32f4xx_hal_flash_ex.o
HAL_FLASHEx_OBGetConfig                           build/stm32f4xx_hal_flash_ex.o
HAL_FLASHEx_OBProgram                             build/stm32f4xx_hal_flash_ex.o
HAL_FLASHEx_OB_DeSelectPCROP                      build/stm32f4xx_hal_flash_ex.o
HAL_FLASHEx_OB_SelectPCROP                        build/stm32f4xx_hal_flash_ex.o
HAL_FLASHEx_StartFlashInterfaceClk                build/stm32f4xx_hal_flash_ramfunc.o
HAL_FLASHEx_StopFlashInterfaceClk                 build/stm32f4xx_hal_flash_ramfunc.o
HAL_FLASH_EndOfOperationCallback                  build/stm32f4xx_hal_flash.o
HAL_FLASH_GetError                                build/stm32f4xx_hal_flash.o
HAL_FLASH_IRQHandler                              build/stm32f4xx_hal_flash.o
HAL_FLASH_Lock                                    build/stm32f4xx_hal_flash.o
HAL_FLASH_OB_Launch                               build/stm32f4xx_hal_flash.o
HAL_FLASH_OB_Lock                                 build/stm32f4xx_hal_flash.o
HAL_FLASH_OB_Unlock                               build/stm32f4xx_hal_flash.o
HAL_FLASH_OperationErrorCallback                  build/stm32f4xx_hal_flash.o
HAL_FLASH_Program                                 build/stm32f4xx_hal_flash.o
HAL_FLASH_Program_IT                              build/stm32f4xx_hal_flash.o
HAL_FLASH_Unlock                                  build/stm32f4xx_hal_flash.o
HAL_GPIO_DeInit                                   build/stm32f4xx_hal_gpio.o
                                                  build/usart.o
                                                  build/tim.o
                                                  build/spi.o
                                                  build/adc.o
HAL_GPIO_EXTI_Callback                            build/stm32f4xx_hal_gpio.o
HAL_GPIO_EXTI_IRQHandler                          build/stm32f4xx_hal_gpio.o
HAL_GPIO_Init                                     build/stm32f4xx_hal_gpio.o
                                                  build/stm32f4xx_hal_rcc.o
                                                  build/usart.o
                                                  build/tim.o
                                                  build/spi.o
                                                  build/gpio.o
                                                  build/adc.o
HAL_GPIO_LockPin                                  build/stm32f4xx_hal_gpio.o
HAL_GPIO_ReadPin                                  build/stm32f4xx_hal_gpio.o
                                                  build/enc_disp.o
HAL_GPIO_TogglePin                                build/stm32f4xx_hal_gpio.o
HAL_GPIO_WritePin                                 build/stm32f4xx_hal_gpio.o
                                                  build/gpio.o
                                                  build/dac_driver.o
                                                  build/clean_main.o
HAL_GetDEVID                                      build/stm32f4xx_hal.o
HAL_GetHalVersion                                 build/stm32f4xx_hal.o
HAL_GetREVID                                      build/stm32f4xx_hal.o
HAL_GetTick                                       build/stm32f4xx_hal.o
                                                  build/stm32f4xx_hal_uart.o
                                                  build/stm32f4xx_hal_spi.o
                                                  build/stm32f4xx_hal_rcc_ex.o
                                                  build/stm32f4xx_hal_rcc.o
                                                  build/stm32f4xx_hal_pwr_ex.o
                                                  build/stm32f4xx_hal_flash.o
                                                  build/stm32f4xx_hal_dma.o
                                                  build/stm32f4xx_hal_adc_ex.o
                                                  build/stm32f4xx_hal_adc.o
HAL_GetTickFreq                                   build/stm32f4xx_hal.o
HAL_GetTickPrio                                   build/stm32f4xx_hal.o
HAL_GetUIDw0                                      build/stm32f4xx_hal.o
HAL_GetUIDw1                                      build/stm32f4xx_hal.o
HAL_GetUIDw2                                      build/stm32f4xx_hal.o
HAL_HalfDuplex_EnableReceiver                     build/stm32f4xx_hal_uart.o
HAL_HalfDuplex_EnableTransmitter                  build/stm32f4xx_hal_uart.o
HAL_HalfDuplex_Init                               build/stm32f4xx_hal_uart.o
HAL_IncTick                                       build/stm32f4xx_hal.o
                                                  build/stm32f4xx_it.o
HAL_Init                                          build/stm32f4xx_hal.o
                                                  build/main.o
HAL_InitTick                                      build/stm32f4xx_hal.o
                                                  build/stm32f4xx_hal_rcc_ex.o
                                                  build/stm32f4xx_hal_rcc.o
HAL_LIN_Init                                      build/stm32f4xx_hal_uart.o
HAL_LIN_SendBreak                                 build/stm32f4xx_hal_uart.o
HAL_MPU_ConfigRegion                              build/stm32f4xx_hal_cortex.o
HAL_MPU_Disable                                   build/stm32f4xx_hal_cortex.o
HAL_MPU_Enable                                    build/stm32f4xx_hal_cortex.o
HAL_MspDeInit                                     build/stm32f4xx_hal.o
HAL_MspInit                                       build/stm32f4xx_hal_msp.o
HAL_MultiProcessor_EnterMuteMode                  build/stm32f4xx_hal_uart.o
HAL_MultiProcessor_ExitMuteMode                   build/stm32f4xx_hal_uart.o
HAL_MultiProcessor_Init                           build/stm32f4xx_hal_uart.o
HAL_NVIC_ClearPendingIRQ                          build/stm32f4xx_hal_cortex.o
HAL_NVIC_DisableIRQ                               build/stm32f4xx_hal_cortex.o
HAL_NVIC_EnableIRQ                                build/stm32f4xx_hal_cortex.o
                                                  build/dma.o
HAL_NVIC_GetActive                                build/stm32f4xx_hal_cortex.o
HAL_NVIC_GetPendingIRQ                            build/stm32f4xx_hal_cortex.o
HAL_NVIC_GetPriority                              build/stm32f4xx_hal_cortex.o
HAL_NVIC_GetPriorityGrouping                      build/stm32f4xx_hal_cortex.o
HAL_NVIC_SetPendingIRQ                            build/stm32f4xx_hal_cortex.o
HAL_NVIC_SetPriority                              build/stm32f4xx_hal_cortex.o
                                                  build/stm32f4xx_hal.o